Component: ARM Compiler 5.06 update 1 (build 61) Tool: armlink [4d35a8]

==============================================================================

Section Cross References

    system_stm32f1xx.o(i.SystemCoreClockUpdate) refers to system_stm32f1xx.o(.data) for .data
    system_stm32f1xx.o(i.SystemCoreClockUpdate) refers to system_stm32f1xx.o(.constdata) for .constdata
    main.o(i.CLEAR_GPS_RX_Buffer) refers to main.o(.bss) for .bss
    main.o(i.DS1307_Set_data) refers to main.o(i.DEC2BCD) for DEC2BCD
    main.o(i.DS1307_Set_data) refers to stm32f1xx_hal_i2c.o(i.HAL_I2C_Mem_Write_IT) for HAL_I2C_Mem_Write_IT
    main.o(i.DS1307_Set_data) refers to main.o(.bss) for .bss
    main.o(i.Delete_Char) refers to strlen.o(.text) for strlen
    main.o(i.GPS_DeviceInfo) refers to main.o(i.Search_Char) for Search_Char
    main.o(i.GPS_DeviceInfo) refers to atoi.o(.text) for atoi
    main.o(i.GPS_DeviceInfo) refers to atof.o(i.atof) for atof
    main.o(i.GPS_DeviceInfo) refers to d2f.o(.text) for __aeabi_d2f
    main.o(i.GPS_DeviceInfo) refers to main.o(.bss) for .bss
    main.o(i.GPS_DeviceInfo) refers to main.o(.data) for .data
    main.o(i.HAL_I2C_MemRxCpltCallback) refers to main.o(i.BCD2DEC) for BCD2DEC
    main.o(i.HAL_I2C_MemRxCpltCallback) refers to main.o(.bss) for .bss
    main.o(i.HAL_UART_RxCpltCallback) refers to pms7003.o(i.PMS7003_ReceiveUART) for PMS7003_ReceiveUART
    main.o(i.HAL_UART_RxCpltCallback) refers to strlen.o(.text) for strlen
    main.o(i.HAL_UART_RxCpltCallback) refers to main.o(i.SIM_DeleteArray1) for SIM_DeleteArray1
    main.o(i.HAL_UART_RxCpltCallback) refers to printf3.o(i.__0printf$3) for __2printf
    main.o(i.HAL_UART_RxCpltCallback) refers to main.o(i.indexOf) for indexOf
    main.o(i.HAL_UART_RxCpltCallback) refers to stm32f1xx_hal_uart.o(i.HAL_UART_Receive_IT) for HAL_UART_Receive_IT
    main.o(i.HAL_UART_RxCpltCallback) refers to main.o(.bss) for .bss
    main.o(i.HAL_UART_RxCpltCallback) refers to main.o(.data) for .data
    main.o(i.MX_ADC1_Init) refers to stm32f1xx_hal_adc.o(i.HAL_ADC_Init) for HAL_ADC_Init
    main.o(i.MX_ADC1_Init) refers to stm32f1xx_hal_adc.o(i.HAL_ADC_ConfigChannel) for HAL_ADC_ConfigChannel
    main.o(i.MX_ADC1_Init) refers to main.o(.bss) for .bss
    main.o(i.MX_GPIO_Init) refers to stm32f1xx_hal_gpio.o(i.HAL_GPIO_WritePin) for HAL_GPIO_WritePin
    main.o(i.MX_GPIO_Init) refers to stm32f1xx_hal_gpio.o(i.HAL_GPIO_Init) for HAL_GPIO_Init
    main.o(i.MX_I2C1_Init) refers to stm32f1xx_hal_i2c.o(i.HAL_I2C_Init) for HAL_I2C_Init
    main.o(i.MX_I2C1_Init) refers to main.o(.bss) for .bss
    main.o(i.PMS7003_ReceiveStart) refers to stm32f1xx_hal_uart.o(i.HAL_UART_Receive_IT) for HAL_UART_Receive_IT
    main.o(i.PMS7003_ReceiveStart) refers to main.o(.bss) for .bss
    main.o(i.SIM_DeleteArray) refers to strlen.o(.text) for strlen
    main.o(i.SIM_DeleteArray) refers to main.o(.bss) for .bss
    main.o(i.SIM_DeleteArray1) refers to strlen.o(.text) for strlen
    main.o(i.SIM_DeleteArray1) refers to main.o(.bss) for .bss
    main.o(i.SIM_DeleteSMS_Array) refers to strlen.o(.text) for strlen
    main.o(i.SIM_DeleteSMS_Array) refers to main.o(.bss) for .bss
    main.o(i.SIM_GetSMS) refers to strstr.o(.text) for strstr
    main.o(i.SIM_GetSMS) refers to strtok.o(.text) for strtok
    main.o(i.SIM_GetSMS) refers to atoi.o(.text) for atoi
    main.o(i.SIM_GetSMS) refers to main.o(i.SIM_Send) for SIM_Send
    main.o(i.SIM_GetSMS) refers to main.o(i.SIM_Send_Int) for SIM_Send_Int
    main.o(i.SIM_GetSMS) refers to main.o(i.SIM_replyCommand) for SIM_replyCommand
    main.o(i.SIM_GetSMS) refers to main.o(i.indexOf) for indexOf
    main.o(i.SIM_GetSMS) refers to main.o(i.SIM_DeleteArray) for SIM_DeleteArray
    main.o(i.SIM_GetSMS) refers to main.o(i.SIM_DeleteSMS_Array) for SIM_DeleteSMS_Array
    main.o(i.SIM_GetSMS) refers to main.o(.bss) for .bss
    main.o(i.SIM_GetSMS) refers to main.o(.data) for .data
    main.o(i.SIM_Send) refers to strlen.o(.text) for strlen
    main.o(i.SIM_Send) refers to stm32f1xx_hal_uart.o(i.HAL_UART_Transmit) for HAL_UART_Transmit
    main.o(i.SIM_Send) refers to main.o(.bss) for .bss
    main.o(i.SIM_Send_Int) refers to stm32f1xx_hal_uart.o(i.HAL_UART_Transmit) for HAL_UART_Transmit
    main.o(i.SIM_Send_Int) refers to main.o(.bss) for .bss
    main.o(i.SIM_begin) refers to main.o(i.SIM_sendCommand) for SIM_sendCommand
    main.o(i.SIM_begin) refers to main.o(i.SIM_replyCommand1) for SIM_replyCommand1
    main.o(i.SIM_begin) refers to main.o(i.indexOf) for indexOf
    main.o(i.SIM_begin) refers to main.o(i.SIM_DeleteArray) for SIM_DeleteArray
    main.o(i.SIM_begin) refers to main.o(.data) for .data
    main.o(i.SIM_checkAccount) refers to printf3.o(i.__0printf$3) for __2printf
    main.o(i.SIM_checkAccount) refers to main.o(i.SIM_sendCommand) for SIM_sendCommand
    main.o(i.SIM_checkAccount) refers to main.o(i.SIM_replyCommand) for SIM_replyCommand
    main.o(i.SIM_checkAccount) refers to main.o(i.indexOf) for indexOf
[...]
    i.HAL_I2C_MemRxCpltCallback              0x08001bc4   Section        0  main.o(i.HAL_I2C_MemRxCpltCallback)
    i.HAL_I2C_MemTxCpltCallback              0x08001c14   Section        0  stm32f1xx_hal_i2c.o(i.HAL_I2C_MemTxCpltCallback)
    i.HAL_I2C_Mem_Read_DMA                   0x08001c18   Section        0  stm32f1xx_hal_i2c.o(i.HAL_I2C_Mem_Read_DMA)
    i.HAL_I2C_MspInit                        0x08001d84   Section        0  stm32f1xx_hal_msp.o(i.HAL_I2C_MspInit)
    i.HAL_I2C_SlaveRxCpltCallback            0x08001e3c   Section        0  stm32f1xx_hal_i2c.o(i.HAL_I2C_SlaveRxCpltCallback)
    i.HAL_I2C_SlaveTxCpltCallback            0x08001e3e   Section        0  stm32f1xx_hal_i2c.o(i.HAL_I2C_SlaveTxCpltCallback)
    i.HAL_IncTick                            0x08001e40   Section        0  stm32f1xx_hal.o(i.HAL_IncTick)
    i.HAL_Init                               0x08001e50   Section        0  stm32f1xx_hal.o(i.HAL_Init)
    i.HAL_InitTick                           0x08001e74   Section        0  stm32f1xx_hal.o(i.HAL_InitTick)
    i.HAL_MspInit                            0x08001e9c   Section        0  stm32f1xx_hal_msp.o(i.HAL_MspInit)
    i.HAL_NVIC_EnableIRQ                     0x08001f20   Section        0  stm32f1xx_hal_cortex.o(i.HAL_NVIC_EnableIRQ)
    i.HAL_NVIC_SetPriority                   0x08001f38   Section        0  stm32f1xx_hal_cortex.o(i.HAL_NVIC_SetPriority)
    i.HAL_NVIC_SetPriorityGrouping           0x08001f78   Section        0  stm32f1xx_hal_cortex.o(i.HAL_NVIC_SetPriorityGrouping)
    i.HAL_RCCEx_PeriphCLKConfig              0x08001f9c   Section        0  stm32f1xx_hal_rcc_ex.o(i.HAL_RCCEx_PeriphCLKConfig)
    i.HAL_RCC_ClockConfig                    0x08002088   Section        0  stm32f1xx_hal_rcc.o(i.HAL_RCC_ClockConfig)
    i.HAL_RCC_GetHCLKFreq                    0x080021dc   Section        0  stm32f1xx_hal_rcc.o(i.HAL_RCC_GetHCLKFreq)
    i.HAL_RCC_GetPCLK1Freq                   0x080021e8   Section        0  stm32f1xx_hal_rcc.o(i.HAL_RCC_GetPCLK1Freq)
    i.HAL_RCC_GetPCLK2Freq                   0x08002208   Section        0  stm32f1xx_hal_rcc.o(i.HAL_RCC_GetPCLK2Freq)
    i.HAL_RCC_GetSysClockFreq                0x08002228   Section        0  stm32f1xx_hal_rcc.o(i.HAL_RCC_GetSysClockFreq)
    i.HAL_RCC_OscConfig                      0x08002294   Section        0  stm32f1xx_hal_rcc.o(i.HAL_RCC_OscConfig)
    i.HAL_SYSTICK_CLKSourceConfig            0x08002598   Section        0  stm32f1xx_hal_cortex.o(i.HAL_SYSTICK_CLKSourceConfig)
    i.HAL_SYSTICK_Config                     0x080025b0   Section        0  stm32f1xx_hal_cortex.o(i.HAL_SYSTICK_Config)
    i.HAL_UART_ErrorCallback                 0x080025d8   Section        0  stm32f1xx_hal_uart.o(i.HAL_UART_ErrorCallback)
    i.HAL_UART_IRQHandler                    0x080025dc   Section        0  stm32f1xx_hal_uart.o(i.HAL_UART_IRQHandler)
    i.HAL_UART_Init                          0x080026ec   Section        0  stm32f1xx_hal_uart.o(i.HAL_UART_Init)
    i.HAL_UART_MspInit                       0x08002750   Section        0  stm32f1xx_hal_msp.o(i.HAL_UART_MspInit)
    i.HAL_UART_Receive_IT                    0x0800284c   Section        0  stm32f1xx_hal_uart.o(i.HAL_UART_Receive_IT)
    i.HAL_UART_RxCpltCallback                0x080028a0   Section        0  main.o(i.HAL_UART_RxCpltCallback)
    i.HAL_UART_Transmit                      0x080029d0   Section        0  stm32f1xx_hal_uart.o(i.HAL_UART_Transmit)
    i.HAL_UART_TxCpltCallback                0x08002a8a   Section        0  stm32f1xx_hal_uart.o(i.HAL_UART_TxCpltCallback)
    i.HardFault_Handler                      0x08002a8c   Section        0  stm32f1xx_it.o(i.HardFault_Handler)
    i.I2C1_ER_IRQHandler                     0x08002a90   Section        0  stm32f1xx_it.o(i.I2C1_ER_IRQHandler)
    i.I2C1_EV_IRQHandler                     0x08002a9c   Section        0  stm32f1xx_it.o(i.I2C1_EV_IRQHandler)
    i.I2C_DMAAbort                           0x08002aa8   Section        0  stm32f1xx_hal_i2c.o(i.I2C_DMAAbort)
    I2C_DMAAbort                             0x08002aa9   Thumb Code    78  stm32f1xx_hal_i2c.o(i.I2C_DMAAbort)
    i.I2C_DMAError                           0x08002af6   Section        0  stm32f1xx_hal_i2c.o(i.I2C_DMAError)
    I2C_DMAError                             0x08002af7   Thumb Code    42  stm32f1xx_hal_i2c.o(i.I2C_DMAError)
    i.I2C_DMAXferCplt                        0x08002b20   Section        0  stm32f1xx_hal_i2c.o(i.I2C_DMAXferCplt)
    I2C_DMAXferCplt                          0x08002b21   Thumb Code   134  stm32f1xx_hal_i2c.o(i.I2C_DMAXferCplt)
    i.I2C_ITError                            0x08002ba8   Section        0  stm32f1xx_hal_i2c.o(i.I2C_ITError)
    I2C_ITError                              0x08002ba9   Thumb Code   284  stm32f1xx_hal_i2c.o(i.I2C_ITError)
    i.I2C_IsAcknowledgeFailed                0x08002ccc   Section        0  stm32f1xx_hal_i2c.o(i.I2C_IsAcknowledgeFailed)
    I2C_IsAcknowledgeFailed                  0x08002ccd   Thumb Code    40  stm32f1xx_hal_i2c.o(i.I2C_IsAcknowledgeFailed)
    i.I2C_MasterReceive_BTF                  0x08002cf4   Section        0  stm32f1xx_hal_i2c.o(i.I2C_MasterReceive_BTF)
    I2C_MasterReceive_BTF                    0x08002cf5   Thumb Code   194  stm32f1xx_hal_i2c.o(i.I2C_MasterReceive_BTF)
    i.I2C_MasterReceive_RXNE                 0x08002dbc   Section        0  stm32f1xx_hal_i2c.o(i.I2C_MasterReceive_RXNE)
    I2C_MasterReceive_RXNE                   0x08002dbd   Thumb Code   174  stm32f1xx_hal_i2c.o(i.I2C_MasterReceive_RXNE)
    i.I2C_MasterTransmit_BTF                 0x08002e6a   Section        0  stm32f1xx_hal_i2c.o(i.I2C_MasterTransmit_BTF)
    I2C_MasterTransmit_BTF                   0x08002e6b   Thumb Code   128  stm32f1xx_hal_i2c.o(i.I2C_MasterTransmit_BTF)
    i.I2C_MasterTransmit_TXE                 0x08002eec   Section        0  stm32f1xx_hal_i2c.o(i.I2C_MasterTransmit_TXE)
    I2C_MasterTransmit_TXE                   0x08002eed   Thumb Code   264  stm32f1xx_hal_i2c.o(i.I2C_MasterTransmit_TXE)
    i.I2C_Master_ADDR                        0x08002ff4   Section        0  stm32f1xx_hal_i2c.o(i.I2C_Master_ADDR)
    I2C_Master_ADDR                          0x08002ff5   Thumb Code   282  stm32f1xx_hal_i2c.o(i.I2C_Master_ADDR)
    i.I2C_Master_SB                          0x0800310e   Section        0  stm32f1xx_hal_i2c.o(i.I2C_Master_SB)
    I2C_Master_SB                            0x0800310f   Thumb Code    90  stm32f1xx_hal_i2c.o(i.I2C_Master_SB)
    i.I2C_RequestMemoryRead                  0x08003168   Section        0  stm32f1xx_hal_i2c.o(i.I2C_RequestMemoryRead)
    I2C_RequestMemoryRead                    0x08003169   Thumb Code   240  stm32f1xx_hal_i2c.o(i.I2C_RequestMemoryRead)
    i.I2C_Slave_AF                           0x08003258   Section        0  stm32f1xx_hal_i2c.o(i.I2C_Slave_AF)
    I2C_Slave_AF                             0x08003259   Thumb Code   128  stm32f1xx_hal_i2c.o(i.I2C_Slave_AF)
    i.I2C_Slave_STOPF                        0x080032dc   Section        0  stm32f1xx_hal_i2c.o(i.I2C_Slave_STOPF)
    I2C_Slave_STOPF                          0x080032dd   Thumb Code   214  stm32f1xx_hal_i2c.o(i.I2C_Slave_STOPF)
    i.I2C_WaitOnFlagUntilTimeout             0x080033b8   Section        0  stm32f1xx_hal_i2c.o(i.I2C_WaitOnFlagUntilTimeout)
    I2C_WaitOnFlagUntilTimeout               0x080033b9   Thumb Code    96  stm32f1xx_hal_i2c.o(i.I2C_WaitOnFlagUntilTimeout)
    i.I2C_WaitOnMasterAddressFlagUntilTimeout 0x08003418   Section        0  stm32f1xx_hal_i2c.o(i.I2C_WaitOnMasterAddressFlagUntilTimeout)
    I2C_WaitOnMasterAddressFlagUntilTimeout  0x08003419   Thumb Code   136  stm32f1xx_hal_i2c.o(i.I2C_WaitOnMasterAddressFlagUntilTimeout)
    i.I2C_WaitOnTXEFlagUntilTimeout          0x080034a0   Section        0  stm32f1xx_hal_i2c.o(i.I2C_WaitOnTXEFlagUntilTimeout)
    I2C_WaitOnTXEFlagUntilTimeout            0x080034a1   Thumb Code    78  stm32f1xx_hal_i2c.o(i.I2C_WaitOnTXEFlagUntilTimeout)
    i.MX_ADC1_Init                           0x080034f0   Section        0  main.o(i.MX_ADC1_Init)
    MX_ADC1_Init                             0x080034f1   Thumb Code   120  main.o(i.MX_ADC1_Init)
    i.MX_GPIO_Init                           0x08003570   Section        0  main.o(i.MX_GPIO_Init)
    MX_GPIO_Init                             0x08003571   Thumb Code   164  main.o(i.MX_GPIO_Init)
    i.MX_I2C1_Init                           0x08003624   Section        0  main.o(i.MX_I2C1_Init)
    MX_I2C1_Init                             0x08003625   Thumb Code    44  main.o(i.MX_I2C1_Init)
    i.MemManage_Handler                      0x0800365c   Section        0  stm32f1xx_it.o(i.MemManage_Handler)
    i.NMI_Handler                            0x0800365e   Section        0  stm32f1xx_it.o(i.NMI_Handler)
    i.NVIC_SetPriority                       0x08003660   Section        0  stm32f1xx_hal_cortex.o(i.NVIC_SetPriority)
    NVIC_SetPriority                         0x08003661   Thumb Code    32  stm32f1xx_hal_cortex.o(i.NVIC_SetPriority)
    i.PMS7003_ReceiveStart                   0x08003680   Section        0  main.o(i.PMS7003_ReceiveStart)
    i.PMS7003_ReceiveUART                    0x08003694   Section        0  pms7003.o(i.PMS7003_ReceiveUART)
    i.SIM_DeleteArray                        0x08003730   Section        0  main.o(i.SIM_DeleteArray)
    i.SIM_DeleteArray1                       0x08003750   Section        0  main.o(i.SIM_DeleteArray1)
    i.SIM_DeleteSMS_Array                    0x08003770   Section        0  main.o(i.SIM_DeleteSMS_Array)
    i.SIM_GetSMS                             0x08003798   Section        0  main.o(i.SIM_GetSMS)
    i.SIM_Send                               0x08003844   Section        0  main.o(i.SIM_Send)
    i.SIM_Send_Int                           0x08003860   Section        0  main.o(i.SIM_Send_Int)
    i.SIM_begin                              0x080038bc   Section        0  main.o(i.SIM_begin)
    i.SIM_connectGPRS                        0x080039f8   Section        0  main.o(i.SIM_connectGPRS)
    i.SIM_disconnectGPRS                     0x08003a94   Section        0  main.o(i.SIM_disconnectGPRS)
    i.SIM_getContent1                        0x08003ae8   Section        0  main.o(i.SIM_getContent1)
    i.SIM_replyCommand                       0x08003c60   Section        0  main.o(i.SIM_replyCommand)
    i.SIM_replyCommand1                      0x08003c84   Section        0  main.o(i.SIM_replyCommand1)
    i.SIM_sendCommand                        0x08003ca8   Section        0  main.o(i.SIM_sendCommand)
    i.SIM_sendSMS                            0x08003cbc   Section        0  main.o(i.SIM_sendSMS)
    i.SIM_smsFormat                          0x08003d28   Section        0  main.o(i.SIM_smsFormat)
    i.Search_Char                            0x08003d94   Section        0  main.o(i.Search_Char)
    i.StartTask01                            0x08003db4   Section        0  main.o(i.StartTask01)
    i.StartTask02                            0x08004084   Section        0  main.o(i.StartTask02)
    i.SysTick_Handler                        0x0800423c   Section        0  stm32f1xx_it.o(i.SysTick_Handler)
    i.SystemClock_Config                     0x0800424a   Section        0  main.o(i.SystemClock_Config)
    i.SystemInit                             0x080042c4   Section        0  system_stm32f1xx.o(i.SystemInit)
    i.UART_DMAAbortOnError                   0x0800430c   Section        0  stm32f1xx_hal_uart.o(i.UART_DMAAbortOnError)
    UART_DMAAbortOnError                     0x0800430d   Thumb Code    16  stm32f1xx_hal_uart.o(i.UART_DMAAbortOnError)
    i.UART_EndRxTransfer                     0x0800431c   Section        0  stm32f1xx_hal_uart.o(i.UART_EndRxTransfer)
    UART_EndRxTransfer                       0x0800431d   Thumb Code    28  stm32f1xx_hal_uart.o(i.UART_EndRxTransfer)
    i.UART_Receive_IT                        0x08004338   Section        0  stm32f1xx_hal_uart.o(i.UART_Receive_IT)
    UART_Receive_IT                          0x08004339   Thumb Code   150  stm32f1xx_hal_uart.o(i.UART_Receive_IT)
    i.UART_SetConfig                         0x080043d0   Section        0  stm32f1xx_hal_uart.o(i.UART_SetConfig)
    UART_SetConfig                           0x080043d1   Thumb Code   364  stm32f1xx_hal_uart.o(i.UART_SetConfig)
    i.UART_Transmit_IT                       0x08004540   Section        0  stm32f1xx_hal_uart.o(i.UART_Transmit_IT)
    UART_Transmit_IT                         0x08004541   Thumb Code    98  stm32f1xx_hal_uart.o(i.UART_Transmit_IT)
    i.UART_WaitOnFlagUntilTimeout            0x080045a2   Section        0  stm32f1xx_hal_uart.o(i.UART_WaitOnFlagUntilTimeout)
    UART_WaitOnFlagUntilTimeout              0x080045a3   Thumb Code   100  stm32f1xx_hal_uart.o(i.UART_WaitOnFlagUntilTimeout)
    i.USART1_IRQHandler                      0x08004608   Section        0  stm32f1xx_it.o(i.USART1_IRQHandler)
    i.USART2_IRQHandler                      0x08004614   Section        0  stm32f1xx_it.o(i.USART2_IRQHandler)
    i.USART3_IRQHandler                      0x08004620   Section        0  stm32f1xx_it.o(i.USART3_IRQHandler)
    i.UsageFault_Handler                     0x0800462c   Section        0  stm32f1xx_it.o(i.UsageFault_Handler)
    i._Error_Handler                         0x0800462e   Section        0  main.o(i._Error_Handler)
    i.__0printf$3                            0x08004630   Section        0  printf3.o(i.__0printf$3)
    i.__0sprintf$3                           0x08004650   Section        0  printf3.o(i.__0sprintf$3)
    i.__aeabi_errno_addr                     0x08004678   Section        0  errno.o(i.__aeabi_errno_addr)
    i.__read_errno                           0x08004680   Section        0  errno.o(i.__read_errno)
    i.__scatterload_copy                     0x0800468c   Section       14  handlers.o(i.__scatterload_copy)
    i.__scatterload_null                     0x0800469a   Section        2  handlers.o(i.__scatterload_null)
    i.__scatterload_zeroinit                 0x0800469c   Section       14  handlers.o(i.__scatterload_zeroinit)
    i.__set_errno                            0x080046ac   Section        0  errno.o(i.__set_errno)
    i._is_digit                              0x080046b8   Section        0  scanf_fp.o(i._is_digit)
    i._printf_core                           0x080046c8   Section        0  printf3.o(i._printf_core)
    _printf_core                             0x080046c9   Thumb Code   436  printf3.o(i._printf_core)
    i._sputc                                 0x08004880   Section        0  printf3.o(i._sputc)
    _sputc                                   0x08004881   Thumb Code    10  printf3.o(i._sputc)
    i.atof                                   0x0800488a   Section        0  atof.o(i.atof)
    i.fputc                                  0x080048b4   Section        0  main.o(i.fputc)
    i.indexOf                                0x080048cc   Section        0  main.o(i.indexOf)
    i.main                                   0x080048dc   Section        0  main.o(i.main)
    i.makeFreeRtosPriority                   0x08004a10   Section        0  cmsis_os.o(i.makeFreeRtosPriority)
    makeFreeRtosPriority                     0x08004a11   Thumb Code    12  cmsis_os.o(i.makeFreeRtosPriority)
    i.osDelay                                0x08004a1c   Section        0  cmsis_os.o(i.osDelay)
    i.osKernelStart                          0x08004a2a   Section        0  cmsis_os.o(i.osKernelStart)
    i.osSemaphoreCreate                      0x08004a34   Section        0  cmsis_os.o(i.osSemaphoreCreate)
    i.osSystickHandler                       0x08004a5a   Section        0  cmsis_os.o(i.osSystickHandler)
    i.osThreadCreate                         0x08004a6e   Section        0  cmsis_os.o(i.osThreadCreate)
    i.prvAddCurrentTaskToDelayedList         0x08004a9c   Section        0  tasks.o(i.prvAddCurrentTaskToDelayedList)
    prvAddCurrentTaskToDelayedList           0x08004a9d   Thumb Code   102  tasks.o(i.prvAddCurrentTaskToDelayedList)
    i.prvAddNewTaskToReadyList               0x08004b0c   Section        0  tasks.o(i.prvAddNewTaskToReadyList)
    prvAddNewTaskToReadyList                 0x08004b0d   Thumb Code   194  tasks.o(i.prvAddNewTaskToReadyList)
    i.prvCheckTasksWaitingTermination        0x08004bdc   Section        0  tasks.o(i.prvCheckTasksWaitingTermination)
    prvCheckTasksWaitingTermination          0x08004bdd   Thumb Code    70  tasks.o(i.prvCheckTasksWaitingTermination)
    i.prvCopyDataFromQueue                   0x08004c2c   Section        0  queue.o(i.prvCopyDataFromQueue)
    prvCopyDataFromQueue                     0x08004c2d   Thumb Code    38  queue.o(i.prvCopyDataFromQueue)
    i.prvCopyDataToQueue                     0x08004c52   Section        0  queue.o(i.prvCopyDataToQueue)
    prvCopyDataToQueue                       0x08004c53   Thumb Code   108  queue.o(i.prvCopyDataToQueue)
    i.prvDeleteTCB                           0x08004cbe   Section        0  tasks.o(i.prvDeleteTCB)
    prvDeleteTCB                             0x08004cbf   Thumb Code    20  tasks.o(i.prvDeleteTCB)
    i.prvHeapInit                            0x08004cd4   Section        0  heap_4.o(i.prvHeapInit)
    prvHeapInit                              0x08004cd5   Thumb Code    66  heap_4.o(i.prvHeapInit)
    i.prvIdleTask                            0x08004d20   Section        0  tasks.o(i.prvIdleTask)
    prvIdleTask                              0x08004d21   Thumb Code    30  tasks.o(i.prvIdleTask)
    i.prvInitialiseNewTask                   0x08004d48   Section        0  tasks.o(i.prvInitialiseNewTask)
    prvInitialiseNewTask                     0x08004d49   Thumb Code   142  tasks.o(i.prvInitialiseNewTask)
    i.prvInsertBlockIntoFreeList             0x08004dd8   Section        0  heap_4.o(i.prvInsertBlockIntoFreeList)
    prvInsertBlockIntoFreeList               0x08004dd9   Thumb Code    72  heap_4.o(i.prvInsertBlockIntoFreeList)
    i.prvIsQueueEmpty                        0x08004e24   Section        0  queue.o(i.prvIsQueueEmpty)
    prvIsQueueEmpty                          0x08004e25   Thumb Code    28  queue.o(i.prvIsQueueEmpty)
    i.prvResetNextTaskUnblockTime            0x08004e40   Section        0  tasks.o(i.prvResetNextTaskUnblockTime)
    prvResetNextTaskUnblockTime              0x08004e41   Thumb Code    26  tasks.o(i.prvResetNextTaskUnblockTime)
    i.prvTaskExitError                       0x08004e60   Section        0  port.o(i.prvTaskExitError)
    prvTaskExitError                         0x08004e61   Thumb Code    36  port.o(i.prvTaskExitError)
    i.prvUnlockQueue                         0x08004e88   Section        0  queue.o(i.prvUnlockQueue)
    prvUnlockQueue                           0x08004e89   Thumb Code   106  queue.o(i.prvUnlockQueue)
    i.pvPortMalloc                           0x08004ef4   Section        0  heap_4.o(i.pvPortMalloc)
    i.pvTaskIncrementMutexHeldCount          0x08004fcc   Section        0  tasks.o(i.pvTaskIncrementMutexHeldCount)
    i.pxPortInitialiseStack                  0x08004fe4   Section        0  port.o(i.pxPortInitialiseStack)
    i.uxListRemove                           0x08005008   Section        0  list.o(i.uxListRemove)
    i.vListInitialise                        0x0800502c   Section        0  list.o(i.vListInitialise)
    i.vListInitialiseItem                    0x08005042   Section        0  list.o(i.vListInitialiseItem)
    i.vListInsert                            0x08005048   Section        0  list.o(i.vListInsert)
    i.vListInsertEnd                         0x08005078   Section        0  list.o(i.vListInsertEnd)
    i.vPortEnterCritical                     0x08005090   Section        0  port.o(i.vPortEnterCritical)
    i.vPortExitCritical                      0x080050d0   Section        0  port.o(i.vPortExitCritical)
    i.vPortFree                              0x080050f8   Section        0  heap_4.o(i.vPortFree)
    i.vPortSetupTimerInterrupt               0x08005154   Section        0  port.o(i.vPortSetupTimerInterrupt)
    i.vTaskDelay                             0x08005174   Section        0  tasks.o(i.vTaskDelay)
    i.vTaskMissedYield                       0x080051c0   Section        0  tasks.o(i.vTaskMissedYield)
    i.vTaskPlaceOnEventList                  0x080051cc   Section        0  tasks.o(i.vTaskPlaceOnEventList)
    i.vTaskPriorityInherit                   0x080051fc   Section        0  tasks.o(i.vTaskPriorityInherit)
    i.vTaskSetTimeOutState                   0x08005280   Section        0  tasks.o(i.vTaskSetTimeOutState)
    i.vTaskStartScheduler                    0x080052a4   Section        0  tasks.o(i.vTaskStartScheduler)
    i.vTaskSuspendAll                        0x0800530c   Section        0  tasks.o(i.vTaskSuspendAll)
    i.vTaskSwitchContext                     0x0800531c   Section        0  tasks.o(i.vTaskSwitchContext)
    i.xPortStartScheduler                    0x08005378   Section        0  port.o(i.xPortStartScheduler)
    i.xPortSysTickHandler                    0x080053ec   Section        0  port.o(i.xPortSysTickHandler)
    i.xQueueGenericCreate                    0x08005418   Section        0  queue.o(i.xQueueGenericCreate)
    i.xQueueGenericReceive                   0x08005460   Section        0  queue.o(i.xQueueGenericReceive)
    i.xQueueGenericReset                     0x080055cc   Section        0  queue.o(i.xQueueGenericReset)
    i.xQueueGenericSend                      0x08005654   Section        0  queue.o(i.xQueueGenericSend)
    i.xTaskCheckForTimeOut                   0x080057b4   Section        0  tasks.o(i.xTaskCheckForTimeOut)
    i.xTaskCreate                            0x08005820   Section        0  tasks.o(i.xTaskCreate)
    i.xTaskGetSchedulerState                 0x08005878   Section        0  tasks.o(i.xTaskGetSchedulerState)
    i.xTaskIncrementTick                     0x08005894   Section        0  tasks.o(i.xTaskIncrementTick)
    i.xTaskPriorityDisinherit                0x0800595c   Section        0  tasks.o(i.xTaskPriorityDisinherit)
    i.xTaskRemoveFromEventList               0x080059f4   Section        0  tasks.o(i.xTaskRemoveFromEventList)
    i.xTaskResumeAll                         0x08005a68   Section        0  tasks.o(i.xTaskResumeAll)
    .constdata                               0x08005b2c   Section       16  system_stm32f1xx.o(.constdata)
    .constdata                               0x08005b3c   Section        8  system_stm32f1xx.o(.constdata)
    .constdata                               0x08005b44   Section       40  main.o(.constdata)
    .constdata                               0x08005b6c   Section      129  ctype_o.o(.constdata)
    .constdata                               0x08005bf0   Section        4  ctype_o.o(.constdata)
    table                                    0x08005bf0   Data           4  ctype_o.o(.constdata)
    .conststring                             0x08005bf4   Section       96  main.o(.conststring)
    .data                                    0x20000000   Section        4  system_stm32f1xx.o(.data)
    .data                                    0x20000008   Section       72  main.o(.data)
    .data                                    0x20000050   Section        4  stm32f1xx_hal.o(.data)
    .data                                    0x20000054   Section       12  port.o(.data)
    ucMaxSysCallPriority                     0x20000054   Data           1  port.o(.data)
    uxCriticalNesting                        0x20000058   Data           4  port.o(.data)
    ulMaxPRIGROUPValue                       0x2000005c   Data           4  port.o(.data)
    .data                                    0x20000060   Section       24  heap_4.o(.data)
    pxEnd                                    0x20000060   Data           4  heap_4.o(.data)
    xFreeBytesRemaining                      0x20000064   Data           4  heap_4.o(.data)
    xMinimumEverFreeBytesRemaining           0x20000068   Data           4  heap_4.o(.data)
    xBlockAllocatedBit                       0x2000006c   Data           4  heap_4.o(.data)
    xStart                                   0x20000070   Data           8  heap_4.o(.data)
    .data                                    0x20000078   Section       60  tasks.o(.data)
    uxDeletedTasksWaitingCleanUp             0x2000007c   Data           4  tasks.o(.data)
    uxCurrentNumberOfTasks                   0x20000080   Data           4  tasks.o(.data)
    xTickCount                               0x20000084   Data           4  tasks.o(.data)
    uxTopReadyPriority                       0x20000088   Data           4  tasks.o(.data)
    xSchedulerRunning                        0x2000008c   Data           4  tasks.o(.data)
    uxPendedTicks                            0x20000090   Data           4  tasks.o(.data)
    xYieldPending                            0x20000094   Data           4  tasks.o(.data)
    xNumOfOverflows                          0x20000098   Data           4  tasks.o(.data)
    uxTaskNumber                             0x2000009c   Data           4  tasks.o(.data)
    xNextTaskUnblockTime                     0x200000a0   Data           4  tasks.o(.data)
    xIdleTaskHandle                          0x200000a4   Data           4  tasks.o(.data)
    uxSchedulerSuspended                     0x200000a8   Data           4  tasks.o(.data)
    pxDelayedTaskList                        0x200000ac   Data           4  tasks.o(.data)
    pxOverflowDelayedTaskList                0x200000b0   Data           4  tasks.o(.data)
    .data                                    0x200000b4   Section        4  strtok.o(.data)
    state                                    0x200000b4   Data           4  strtok.o(.data)
    .data                                    0x200000b8   Section        4  stdout.o(.data)
    .data                                    0x200000bc   Section        4  errno.o(.data)
    _errno                                   0x200000bc   Data           4  errno.o(.data)
    .bss                                     0x200000c0   Section     2045  main.o(.bss)
    .bss                                     0x200008c0   Section       68  main.o(.bss)
    .bss                                     0x20000904   Section       68  main.o(.bss)
    .bss                                     0x20000948   Section     3072  heap_4.o(.bss)
    ucHeap                                   0x20000948   Data        3072  heap_4.o(.bss)
    .bss                                     0x20001548   Section      240  tasks.o(.bss)
    pxReadyTasksLists                        0x20001548   Data         140  tasks.o(.bss)
    xDelayedTaskList1                        0x200015d4   Data          20  tasks.o(.bss)
    xDelayedTaskList2                        0x200015e8   Data          20  tasks.o(.bss)
    xPendingReadyList                        0x200015fc   Data          20  tasks.o(.bss)
    xTasksWaitingTermination                 0x20001610   Data          20  tasks.o(.bss)
    xSuspendedTaskList                       0x20001624   Data          20  tasks.o(.bss)
    STACK                                    0x20001638   Section     1024  startup_stm32f103xb.o(STACK)

    Global Symbols

    Symbol Name                              Value     Ov Type        Size  Object(Section)

    BuildAttributes$$THM_ISAv4$P$D$K$B$S$PE$A:L22UL41UL21$X:L11$S22US41US21$IEEE1$IW$USESV6$~STKCKD$USESV7$~SHL$OTIME$ROPI$IEEEJ$EBA8$MICROLIB$REQ8$PRES8$EABIv2 0x00000000   Number         0  anon$$obj.o ABSOLUTE
    __ARM_use_no_argv                        0x00000000   Number         0  main.o ABSOLUTE
    _printf_a                                0x00000000   Number         0  stubs.o ABSOLUTE
    _printf_c                                0x00000000   Number         0  stubs.o ABSOLUTE
    _printf_charcount                        0x00000000   Number         0  stubs.o ABSOLUTE
    _printf_d                                0x00000000   Number         0  stubs.o ABSOLUTE
    _printf_e                                0x00000000   Number         0  stubs.o ABSOLUTE
    _printf_f                                0x00000000   Number         0  stubs.o ABSOLUTE
    _printf_flags                            0x00000000   Number         0  stubs.o ABSOLUTE
    _printf_fp_dec                           0x00000000   Number         0  stubs.o ABSOLUTE
    _printf_fp_hex                           0x00000000   Number         0  stubs.o ABSOLUTE
    _printf_g                                0x00000000   Number         0  stubs.o ABSOLUTE
    _printf_i                                0x00000000   Number         0  stubs.o ABSOLUTE
    _printf_int_dec                          0x00000000   Number         0  stubs.o ABSOLUTE
    _printf_l                                0x00000000   Number         0  stubs.o ABSOLUTE
    _printf_lc                               0x00000000   Number         0  stubs.o ABSOLUTE
    _printf_ll                               0x00000000   Number         0  stubs.o ABSOLUTE
    _printf_lld                              0x00000000   Number         0  stubs.o ABSOLUTE
    _printf_lli                              0x00000000   Number         0  stubs.o ABSOLUTE
    _printf_llo                              0x00000000   Number         0  stubs.o ABSOLUTE
    _printf_llu                              0x00000000   Number         0  stubs.o ABSOLUTE
    _printf_llx                              0x00000000   Number         0  stubs.o ABSOLUTE
    _printf_longlong_dec                     0x00000000   Number         0  stubs.o ABSOLUTE
    _printf_longlong_hex                     0x00000000   Number         0  stubs.o ABSOLUTE
    _printf_longlong_oct                     0x00000000   Number         0  stubs.o ABSOLUTE
    _printf_ls                               0x00000000   Number         0  stubs.o ABSOLUTE
    _printf_mbtowc                           0x00000000   Number         0  stubs.o ABSOLUTE
    _printf_n                                0x00000000   Number         0  stubs.o ABSOLUTE
    _printf_o                                0x00000000   Number         0  stubs.o ABSOLUTE
    _printf_p                                0x00000000   Number         0  stubs.o ABSOLUTE
    _printf_percent                          0x00000000   Number         0  stubs.o ABSOLUTE
    _printf_pre_padding                      0x00000000   Number         0  stubs.o ABSOLUTE
    _printf_return_value                     0x00000000   Number         0  stubs.o ABSOLUTE
    _printf_s                                0x00000000   Number         0  stubs.o ABSOLUTE
    _printf_sizespec                         0x00000000   Number         0  stubs.o ABSOLUTE
    _printf_str                              0x00000000   Number         0  stubs.o ABSOLUTE
    _printf_truncate_signed                  0x00000000   Number         0  stubs.o ABSOLUTE
    _printf_truncate_unsigned                0x00000000   Number         0  stubs.o ABSOLUTE
    _printf_u                                0x00000000   Number         0  stubs.o ABSOLUTE
    _printf_wc                               0x00000000   Number         0  stubs.o ABSOLUTE
    _printf_wctomb                           0x00000000   Number         0  stubs.o ABSOLUTE
    _printf_widthprec                        0x00000000   Number         0  stubs.o ABSOLUTE
    _printf_x                                0x00000000   Number         0  stubs.o ABSOLUTE
    __cpp_initialize__aeabi_                  - Undefined Weak Reference
    __cxa_finalize                            - Undefined Weak Reference
    __decompress                              - Undefined Weak Reference
    _clock_init                               - Undefined Weak Reference
    _microlib_exit                            - Undefined Weak Reference
    __Vectors_Size                           0x000000ec   Number         0  startup_stm32f103xb.o ABSOLUTE
    __Vectors                                0x08000000   Data           4  startup_stm32f103xb.o(RESET)
    __Vectors_End                            0x080000ec   Data           0  startup_stm32f103xb.o(RESET)
    __main                                   0x080000ed   Thumb Code     0  entry.o(.ARM.Collect$$$$00000000)
    _main_stk                                0x080000ed   Thumb Code     0  entry2.o(.ARM.Collect$$$$00000001)
    _main_scatterload                        0x080000f1   Thumb Code     0  entry5.o(.ARM.Collect$$$$00000004)
    __main_after_scatterload                 0x080000f5   Thumb Code     0  entry5.o(.ARM.Collect$$$$00000004)
    _main_clock                              0x080000f5   Thumb Code     0  entry7b.o(.ARM.Collect$$$$00000008)
    _main_cpp_init                           0x080000f5   Thumb Code     0  entry8b.o(.ARM.Collect$$$$0000000A)
    _main_init                               0x080000f5   Thumb Code     0  entry9a.o(.ARM.Collect$$$$0000000B)
    __rt_final_cpp                           0x080000fd   Thumb Code     0  entry10a.o(.ARM.Collect$$$$0000000D)
    __rt_final_exit                          0x080000fd   Thumb Code     0  entry11a.o(.ARM.Collect$$$$0000000F)
    SVC_Handler                              0x08000101   Thumb Code    32  port.o(.emb_text)
    __asm___6_port_c_39a90d8d__prvStartFirstTask 0x08000125   Thumb Code    28  port.o(.emb_text)
    PendSV_Handler                           0x08000145   Thumb Code    72  port.o(.emb_text)
    vPortGetIPSR                             0x08000191   Thumb Code     6  port.o(.emb_text)
    Reset_Handler                            0x08000199   Thumb Code     8  startup_stm32f103xb.o(.text)
    CAN1_RX1_IRQHandler                      0x080001b3   Thumb Code     0  startup_stm32f103xb.o(.text)
    CAN1_SCE_IRQHandler                      0x080001b3   Thumb Code     0  startup_stm32f103xb.o(.text)
    DMA1_Channel2_IRQHandler                 0x080001b3   Thumb Code     0  startup_stm32f103xb.o(.text)
    DMA1_Channel3_IRQHandler                 0x080001b3   Thumb Code     0  startup_stm32f103xb.o(.text)
    DMA1_Channel4_IRQHandler                 0x080001b3   Thumb Code     0  startup_stm32f103xb.o(.text)
    DMA1_Channel5_IRQHandler                 0x080001b3   Thumb Code     0  startup_stm32f103xb.o(.text)
    DMA1_Channel6_IRQHandler                 0x080001b3   Thumb Code     0  startup_stm32f103xb.o(.text)
    EXTI0_IRQHandler                         0x080001b3   Thumb Code     0  startup_stm32f103xb.o(.text)
    EXTI15_10_IRQHandler                     0x080001b3   Thumb Code     0  startup_stm32f103xb.o(.text)
    EXTI1_IRQHandler                         0x080001b3   Thumb Code     0  startup_stm32f103xb.o(.text)
    EXTI2_IRQHandler                         0x080001b3   Thumb Code     0  startup_stm32f103xb.o(.text)
    EXTI3_IRQHandler                         0x080001b3   Thumb Code     0  startup_stm32f103xb.o(.text)
    EXTI4_IRQHandler                         0x080001b3   Thumb Code     0  startup_stm32f103xb.o(.text)
    EXTI9_5_IRQHandler                       0x080001b3   Thumb Code     0  startup_stm32f103xb.o(.text)
    FLASH_IRQHandler                         0x080001b3   Thumb Code     0  startup_stm32f103xb.o(.text)
    I2C2_ER_IRQHandler                       0x080001b3   Thumb Code     0  startup_stm32f103xb.o(.text)
    I2C2_EV_IRQHandler                       0x080001b3   Thumb Code     0  startup_stm32f103xb.o(.text)
    PVD_IRQHandler                           0x080001b3   Thumb Code     0  startup_stm32f103xb.o(.text)
    RCC_IRQHandler                           0x080001b3   Thumb Code     0  startup_stm32f103xb.o(.text)
    RTC_Alarm_IRQHandler                     0x080001b3   Thumb Code     0  startup_stm32f103xb.o(.text)
    RTC_IRQHandler                           0x080001b3   Thumb Code     0  startup_stm32f103xb.o(.text)
    SPI1_IRQHandler                          0x080001b3   Thumb Code     0  startup_stm32f103xb.o(.text)
    SPI2_IRQHandler                          0x080001b3   Thumb Code     0  startup_stm32f103xb.o(.text)
    TAMPER_IRQHandler                        0x080001b3   Thumb Code     0  startup_stm32f103xb.o(.text)
    TIM1_BRK_IRQHandler                      0x080001b3   Thumb Code     0  startup_stm32f103xb.o(.text)
    TIM1_CC_IRQHandler                       0x080001b3   Thumb Code     0  startup_stm32f103xb.o(.text)
    TIM1_TRG_COM_IRQHandler                  0x080001b3   Thumb Code     0  startup_stm32f103xb.o(.text)
    TIM1_UP_IRQHandler                       0x080001b3   Thumb Code     0  startup_stm32f103xb.o(.text)
    TIM2_IRQHandler                          0x080001b3   Thumb Code     0  startup_stm32f103xb.o(.text)
    TIM3_IRQHandler                          0x080001b3   Thumb Code     0  startup_stm32f103xb.o(.text)
    TIM4_IRQHandler                          0x080001b3   Thumb Code     0  startup_stm32f103xb.o(.text)
    USBWakeUp_IRQHandler                     0x080001b3   Thumb Code     0  startup_stm32f103xb.o(.text)
    USB_HP_CAN1_TX_IRQHandler                0x080001b3   Thumb Code     0  startup_stm32f103xb.o(.text)
    USB_LP_CAN1_RX0_IRQHandler               0x080001b3   Thumb Code     0  startup_stm32f103xb.o(.text)
    WWDG_IRQHandler                          0x080001b3   Thumb Code     0  startup_stm32f103xb.o(.text)
    __aeabi_llsr                             0x080001bd   Thumb Code    32  llushr.o(.text)
    _ll_ushift_r                             0x080001bd   Thumb Code     0  llushr.o(.text)
    __aeabi_memcpy                           0x080001dd   Thumb Code    36  memcpya.o(.text)
    __aeabi_memcpy4                          0x080001dd   Thumb Code     0  memcpya.o(.text)
    __aeabi_memcpy8                          0x080001dd   Thumb Code     0  memcpya.o(.text)
    strstr                                   0x08000201   Thumb Code    36  strstr.o(.text)
    strlen                                   0x08000225   Thumb Code    14  strlen.o(.text)
    strtok                                   0x08000235   Thumb Code    62  strtok.o(.text)
    atoi                                     0x08000279   Thumb Code    26  atoi.o(.text)
    __aeabi_d2f                              0x08000293   Thumb Code    56  d2f.o(.text)
    __aeabi_uidiv                            0x080002cb   Thumb Code     0  uidiv.o(.text)
    __aeabi_uidivmod                         0x080002cb   Thumb Code    44  uidiv.o(.text)
    __strtod_int                             0x0800032f   Thumb Code    88  strtod.o(.text)
    strtol                                   0x08000395   Thumb Code   112  strtol.o(.text)
    __I$use$fp                               0x08000405   Thumb Code     0  iusefp.o(.text)
    _float_round                             0x08000405   Thumb Code    18  fepilogue.o(.text)
    _float_epilogue                          0x08000417   Thumb Code    92  fepilogue.o(.text)
    __aeabi_dmul                             0x08000473   Thumb Code   228  dmul.o(.text)
    __aeabi_ddiv                             0x08000557   Thumb Code   222  ddiv.o(.text)
    __scatterload                            0x08000635   Thumb Code    28  init.o(.text)
    __scatterload_rt2                        0x08000635   Thumb Code     0  init.o(.text)
    __aeabi_llsl                             0x08000659   Thumb Code    30  llshl.o(.text)
    _ll_shift_l                              0x08000659   Thumb Code     0  llshl.o(.text)
    __rt_ctype_table                         0x08000679   Thumb Code     4  ctype_o.o(.text)
    isspace                                  0x08000681   Thumb Code    18  isspace_o.o(.text)
    _scanf_real                              0x08000795   Thumb Code     0  scanf_fp.o(.text)
    _scanf_really_real                       0x08000795   Thumb Code   556  scanf_fp.o(.text)
    _sgetc                                   0x080009cd   Thumb Code    30  _sgetc.o(.text)
    _sbackspace                              0x080009eb   Thumb Code    34  _sgetc.o(.text)
    _strtoul                                 0x08000a0d   Thumb Code   158  _strtoul.o(.text)
    _double_round                            0x08000aab   Thumb Code    30  depilogue.o(.text)
    _double_epilogue                         0x08000ac9   Thumb Code   156  depilogue.o(.text)
    _chval                                   0x08000b65   Thumb Code    28  _chval.o(.text)
    __aeabi_ul2d                             0x08000b81   Thumb Code    24  dfltul.o(.text)
    ADC1_2_IRQHandler                        0x08000b99   Thumb Code     6  stm32f1xx_it.o(i.ADC1_2_IRQHandler)
    ADC_ConversionStop_Disable               0x08000ba5   Thumb Code    76  stm32f1xx_hal_adc.o(i.ADC_ConversionStop_Disable)
    ADC_DMAConvCplt                          0x08000bf1   Thumb Code    78  stm32f1xx_hal_adc.o(i.ADC_DMAConvCplt)
    ADC_DMAError                             0x08000c3f   Thumb Code    26  stm32f1xx_hal_adc.o(i.ADC_DMAError)
    ADC_DMAHalfConvCplt                      0x08000c59   Thumb Code    10  stm32f1xx_hal_adc.o(i.ADC_DMAHalfConvCplt)
    ADC_Enable                               0x08000c65   Thumb Code   104  stm32f1xx_hal_adc.o(i.ADC_Enable)
    BCD2DEC                                  0x08000cd5   Thumb Code    18  main.o(i.BCD2DEC)
    BusFault_Handler                         0x08000ce7   Thumb Code     2  stm32f1xx_it.o(i.BusFault_Handler)
    DMA1_Channel1_IRQHandler                 0x08000ce9   Thumb Code     6  stm32f1xx_it.o(i.DMA1_Channel1_IRQHandler)
    DMA1_Channel7_IRQHandler                 0x08000cf5   Thumb Code     6  stm32f1xx_it.o(i.DMA1_Channel7_IRQHandler)
    DebugMon_Handler                         0x08000d2b   Thumb Code     2  stm32f1xx_it.o(i.DebugMon_Handler)
    GPS_DeviceInfo                           0x08000d2d   Thumb Code   326  main.o(i.GPS_DeviceInfo)
    HAL_ADCEx_InjectedConvCpltCallback       0x08000e7d   Thumb Code     2  stm32f1xx_hal_adc_ex.o(i.HAL_ADCEx_InjectedConvCpltCallback)
    HAL_ADC_ConfigChannel                    0x08000e81   Thumb Code   240  stm32f1xx_hal_adc.o(i.HAL_ADC_ConfigChannel)
    HAL_ADC_ConvCpltCallback                 0x08000f7d   Thumb Code     2  stm32f1xx_hal_adc.o(i.HAL_ADC_ConvCpltCallback)
    HAL_ADC_ConvHalfCpltCallback             0x08000f7f   Thumb Code     2  stm32f1xx_hal_adc.o(i.HAL_ADC_ConvHalfCpltCallback)
    HAL_ADC_ErrorCallback                    0x08000f81   Thumb Code     2  stm32f1xx_hal_adc.o(i.HAL_ADC_ErrorCallback)
    HAL_ADC_IRQHandler                       0x08000f83   Thumb Code   230  stm32f1xx_hal_adc.o(i.HAL_ADC_IRQHandler)
    HAL_ADC_Init                             0x08001069   Thumb Code   272  stm32f1xx_hal_adc.o(i.HAL_ADC_Init)
    HAL_ADC_LevelOutOfWindowCallback         0x08001185   Thumb Code     2  stm32f1xx_hal_adc.o(i.HAL_ADC_LevelOutOfWindowCallback)
    HAL_ADC_MspInit                          0x08001189   Thumb Code   118  stm32f1xx_hal_msp.o(i.HAL_ADC_MspInit)
    HAL_ADC_Start_DMA                        0x08001231   Thumb Code   246  stm32f1xx_hal_adc.o(i.HAL_ADC_Start_DMA)
    HAL_DMA_Abort_IT                         0x0800133d   Thumb Code   148  stm32f1xx_hal_dma.o(i.HAL_DMA_Abort_IT)
    HAL_DMA_IRQHandler                       0x080013d5   Thumb Code   316  stm32f1xx_hal_dma.o(i.HAL_DMA_IRQHandler)
    HAL_DMA_Init                             0x08001529   Thumb Code    92  stm32f1xx_hal_dma.o(i.HAL_DMA_Init)
    HAL_DMA_Start_IT                         0x0800158d   Thumb Code   112  stm32f1xx_hal_dma.o(i.HAL_DMA_Start_IT)
    HAL_Delay                                0x080015fd   Thumb Code    28  stm32f1xx_hal.o(i.HAL_Delay)
    HAL_GPIO_Init                            0x08001619   Thumb Code   408  stm32f1xx_hal_gpio.o(i.HAL_GPIO_Init)
    HAL_GPIO_WritePin                        0x080017d5   Thumb Code    10  stm32f1xx_hal_gpio.o(i.HAL_GPIO_WritePin)
    HAL_GetTick                              0x080017e1   Thumb Code     6  stm32f1xx_hal.o(i.HAL_GetTick)
    HAL_I2C_AbortCpltCallback                0x080017ed   Thumb Code     2  stm32f1xx_hal_i2c.o(i.HAL_I2C_AbortCpltCallback)
    HAL_I2C_AddrCallback                     0x080017ef   Thumb Code     2  stm32f1xx_hal_i2c.o(i.HAL_I2C_AddrCallback)
    HAL_I2C_ER_IRQHandler                    0x080017f1   Thumb Code   202  stm32f1xx_hal_i2c.o(i.HAL_I2C_ER_IRQHandler)
    HAL_I2C_EV_IRQHandler                    0x080018c1   Thumb Code   486  stm32f1xx_hal_i2c.o(i.HAL_I2C_EV_IRQHandler)
    HAL_I2C_ErrorCallback                    0x08001ab1   Thumb Code     2  stm32f1xx_hal_i2c.o(i.HAL_I2C_ErrorCallback)
    HAL_I2C_Init                             0x08001ab5   Thumb Code   254  stm32f1xx_hal_i2c.o(i.HAL_I2C_Init)
    HAL_I2C_ListenCpltCallback               0x08001bbd   Thumb Code     2  stm32f1xx_hal_i2c.o(i.HAL_I2C_ListenCpltCallback)
    HAL_I2C_MasterRxCpltCallback             0x08001bbf   Thumb Code     2  stm32f1xx_hal_i2c.o(i.HAL_I2C_MasterRxCpltCallback)
    HAL_I2C_MasterTxCpltCallback             0x08001bc1   Thumb Code     2  stm32f1xx_hal_i2c.o(i.HAL_I2C_MasterTxCpltCallback)
    HAL_I2C_MemRxCpltCallback                0x08001bc5   Thumb Code    72  main.o(i.HAL_I2C_MemRxCpltCallback)
    HAL_I2C_MemTxCpltCallback                0x08001c15   Thumb Code     2  stm32f1xx_hal_i2c.o(i.HAL_I2C_MemTxCpltCallback)
    HAL_I2C_Mem_Read_DMA                     0x08001c19   Thumb Code   346  stm32f1xx_hal_i2c.o(i.HAL_I2C_Mem_Read_DMA)
    HAL_I2C_MspInit                          0x08001d85   Thumb Code   134  stm32f1xx_hal_msp.o(i.HAL_I2C_MspInit)
    HAL_I2C_SlaveRxCpltCallback              0x08001e3d   Thumb Code     2  stm32f1xx_hal_i2c.o(i.HAL_I2C_SlaveRxCpltCallback)
    HAL_I2C_SlaveTxCpltCallback              0x08001e3f   Thumb Code     2  stm32f1xx_hal_i2c.o(i.HAL_I2C_SlaveTxCpltCallback)
    HAL_IncTick                              0x08001e41   Thumb Code    10  stm32f1xx_hal.o(i.HAL_IncTick)
    HAL_Init                                 0x08001e51   Thumb Code    32  stm32f1xx_hal.o(i.HAL_Init)
    HAL_InitTick                             0x08001e75   Thumb Code    34  stm32f1xx_hal.o(i.HAL_InitTick)
    HAL_MspInit                              0x08001e9d   Thumb Code   122  stm32f1xx_hal_msp.o(i.HAL_MspInit)
    HAL_NVIC_EnableIRQ                       0x08001f21   Thumb Code    22  stm32f1xx_hal_cortex.o(i.HAL_NVIC_EnableIRQ)
    HAL_NVIC_SetPriority                     0x08001f39   Thumb Code    60  stm32f1xx_hal_cortex.o(i.HAL_NVIC_SetPriority)
    HAL_NVIC_SetPriorityGrouping             0x08001f79   Thumb Code    26  stm32f1xx_hal_cortex.o(i.HAL_NVIC_SetPriorityGrouping)
    HAL_RCCEx_PeriphCLKConfig                0x08001f9d   Thumb Code   224  stm32f1xx_hal_rcc_ex.o(i.HAL_RCCEx_PeriphCLKConfig)
    HAL_RCC_ClockConfig                      0x08002089   Thumb Code   322  stm32f1xx_hal_rcc.o(i.HAL_RCC_ClockConfig)
    HAL_RCC_GetHCLKFreq                      0x080021dd   Thumb Code     6  stm32f1xx_hal_rcc.o(i.HAL_RCC_GetHCLKFreq)
    HAL_RCC_GetPCLK1Freq                     0x080021e9   Thumb Code    20  stm32f1xx_hal_rcc.o(i.HAL_RCC_GetPCLK1Freq)
    HAL_RCC_GetPCLK2Freq                     0x08002209   Thumb Code    20  stm32f1xx_hal_rcc.o(i.HAL_RCC_GetPCLK2Freq)
    HAL_RCC_GetSysClockFreq                  0x08002229   Thumb Code    74  stm32f1xx_hal_rcc.o(i.HAL_RCC_GetSysClockFreq)
    HAL_RCC_OscConfig                        0x08002295   Thumb Code   750  stm32f1xx_hal_rcc.o(i.HAL_RCC_OscConfig)
    HAL_SYSTICK_CLKSourceConfig              0x08002599   Thumb Code    24  stm32f1xx_hal_cortex.o(i.HAL_SYSTICK_CLKSourceConfig)
    HAL_SYSTICK_Config                       0x080025b1   Thumb Code    40  stm32f1xx_hal_cortex.o(i.HAL_SYSTICK_Config)
    HAL_UART_ErrorCallback                   0x080025d9   Thumb Code     2  stm32f1xx_hal_uart.o(i.HAL_UART_ErrorCallback)
    HAL_UART_IRQHandler                      0x080025dd   Thumb Code   266  stm32f1xx_hal_uart.o(i.HAL_UART_IRQHandler)
    HAL_UART_Init                            0x080026ed   Thumb Code    98  stm32f1xx_hal_uart.o(i.HAL_UART_Init)
    HAL_UART_MspInit                         0x08002751   Thumb Code   226  stm32f1xx_hal_msp.o(i.HAL_UART_MspInit)
    HAL_UART_Receive_IT                      0x0800284d   Thumb Code    82  stm32f1xx_hal_uart.o(i.HAL_UART_Receive_IT)
    HAL_UART_RxCpltCallback                  0x080028a1   Thumb Code   246  main.o(i.HAL_UART_RxCpltCallback)
    HAL_UART_Transmit                        0x080029d1   Thumb Code   186  stm32f1xx_hal_uart.o(i.HAL_UART_Transmit)
    HAL_UART_TxCpltCallback                  0x08002a8b   Thumb Code     2  stm32f1xx_hal_uart.o(i.HAL_UART_TxCpltCallback)
    HardFault_Handler                        0x08002a8d   Thumb Code     2  stm32f1xx_it.o(i.HardFault_Handler)
    I2C1_ER_IRQHandler                       0x08002a91   Thumb Code     6  stm32f1xx_it.o(i.I2C1_ER_IRQHandler)
    I2C1_EV_IRQHandler                       0x08002a9d   Thumb Code     6  stm32f1xx_it.o(i.I2C1_EV_IRQHandler)
    MemManage_Handler                        0x0800365d   Thumb Code     2  stm32f1xx_it.o(i.MemManage_Handler)
    NMI_Handler                              0x0800365f   Thumb Code     2  stm32f1xx_it.o(i.NMI_Handler)
    PMS7003_ReceiveStart                     0x08003681   Thumb Code    16  main.o(i.PMS7003_ReceiveStart)
    PMS7003_ReceiveUART                      0x08003695   Thumb Code   156  pms7003.o(i.PMS7003_ReceiveUART)
    SIM_DeleteArray                          0x08003731   Thumb Code    26  main.o(i.SIM_DeleteArray)
    SIM_DeleteArray1                         0x08003751   Thumb Code    26  main.o(i.SIM_DeleteArray1)
    SIM_DeleteSMS_Array                      0x08003771   Thumb Code    30  main.o(i.SIM_DeleteSMS_Array)
    SIM_GetSMS                               0x08003799   Thumb Code   110  main.o(i.SIM_GetSMS)
    SIM_Send                                 0x08003845   Thumb Code    24  main.o(i.SIM_Send)
    SIM_Send_Int                             0x08003861   Thumb Code    88  main.o(i.SIM_Send_Int)
    SIM_begin                                0x080038bd   Thumb Code   172  main.o(i.SIM_begin)
    SIM_connectGPRS                          0x080039f9   Thumb Code    94  main.o(i.SIM_connectGPRS)
    SIM_disconnectGPRS                       0x08003a95   Thumb Code    50  main.o(i.SIM_disconnectGPRS)
    SIM_getContent1                          0x08003ae9   Thumb Code   244  main.o(i.SIM_getContent1)
    SIM_replyCommand                         0x08003c61   Thumb Code    26  main.o(i.SIM_replyCommand)
    SIM_replyCommand1                        0x08003c85   Thumb Code    26  main.o(i.SIM_replyCommand1)
    SIM_sendCommand                          0x08003ca9   Thumb Code    16  main.o(i.SIM_sendCommand)
    SIM_sendSMS                              0x08003cbd   Thumb Code    74  main.o(i.SIM_sendSMS)
    SIM_smsFormat                            0x08003d29   Thumb Code    66  main.o(i.SIM_smsFormat)
    Search_Char                              0x08003d95   Thumb Code    30  main.o(i.Search_Char)
    StartTask01                              0x08003db5   Thumb Code   584  main.o(i.StartTask01)
    StartTask02                              0x08004085   Thumb Code   426  main.o(i.StartTask02)
    SysTick_Handler                          0x0800423d   Thumb Code    14  stm32f1xx_it.o(i.SysTick_Handler)
    SystemClock_Config                       0x0800424b   Thumb Code   122  main.o(i.SystemClock_Config)
    SystemInit                               0x080042c5   Thumb Code    56  system_stm32f1xx.o(i.SystemInit)
    USART1_IRQHandler                        0x08004609   Thumb Code     6  stm32f1xx_it.o(i.USART1_IRQHandler)
    USART2_IRQHandler                        0x08004615   Thumb Code     6  stm32f1xx_it.o(i.USART2_IRQHandler)
    USART3_IRQHandler                        0x08004621   Thumb Code     6  stm32f1xx_it.o(i.USART3_IRQHandler)
    UsageFault_Handler                       0x0800462d   Thumb Code     2  stm32f1xx_it.o(i.UsageFault_Handler)
    _Error_Handler                           0x0800462f   Thumb Code     2  main.o(i._Error_Handler)
    __0printf$3                              0x08004631   Thumb Code    22  printf3.o(i.__0printf$3)
    __1printf$3                              0x08004631   Thumb Code     0  printf3.o(i.__0printf$3)
    __2printf                                0x08004631   Thumb Code     0  printf3.o(i.__0printf$3)
    __0sprintf$3                             0x08004651   Thumb Code    34  printf3.o(i.__0sprintf$3)
    __1sprintf$3                             0x08004651   Thumb Code     0  printf3.o(i.__0sprintf$3)
    __2sprintf                               0x08004651   Thumb Code     0  printf3.o(i.__0sprintf$3)
    __aeabi_errno_addr                       0x08004679   Thumb Code     4  errno.o(i.__aeabi_errno_addr)
    __rt_errno_addr                          0x08004679   Thumb Code     0  errno.o(i.__aeabi_errno_addr)
    __read_errno                             0x08004681   Thumb Code     6  errno.o(i.__read_errno)
    __scatterload_copy                       0x0800468d   Thumb Code    14  handlers.o(i.__scatterload_copy)
    __scatterload_null                       0x0800469b   Thumb Code     2  handlers.o(i.__scatterload_null)
    __scatterload_zeroinit                   0x0800469d   Thumb Code    14  handlers.o(i.__scatterload_zeroinit)
    __set_errno                              0x080046ad   Thumb Code     6  errno.o(i.__set_errno)
    _is_digit                                0x080046b9   Thumb Code    14  scanf_fp.o(i._is_digit)
    atof                                     0x0800488b   Thumb Code    42  atof.o(i.atof)
    fputc                                    0x080048b5   Thumb Code    18  main.o(i.fputc)
    indexOf                                  0x080048cd   Thumb Code    14  main.o(i.indexOf)
    main                                     0x080048dd   Thumb Code   272  main.o(i.main)
    osDelay                                  0x08004a1d   Thumb Code    14  cmsis_os.o(i.osDelay)
    osKernelStart                            0x08004a2b   Thumb Code    10  cmsis_os.o(i.osKernelStart)
    osSemaphoreCreate                        0x08004a35   Thumb Code    38  cmsis_os.o(i.osSemaphoreCreate)
    osSystickHandler                         0x08004a5b   Thumb Code    20  cmsis_os.o(i.osSystickHandler)
    osThreadCreate                           0x08004a6f   Thumb Code    46  cmsis_os.o(i.osThreadCreate)
    pvPortMalloc                             0x08004ef5   Thumb Code   210  heap_4.o(i.pvPortMalloc)
    pvTaskIncrementMutexHeldCount            0x08004fcd   Thumb Code    18  tasks.o(i.pvTaskIncrementMutexHeldCount)
    pxPortInitialiseStack                    0x08004fe5   Thumb Code    32  port.o(i.pxPortInitialiseStack)
    uxListRemove                             0x08005009   Thumb Code    36  list.o(i.uxListRemove)
    vListInitialise                          0x0800502d   Thumb Code    22  list.o(i.vListInitialise)
    vListInitialiseItem                      0x08005043   Thumb Code     6  list.o(i.vListInitialiseItem)
    vListInsert                              0x08005049   Thumb Code    48  list.o(i.vListInsert)
    vListInsertEnd                           0x08005079   Thumb Code    24  list.o(i.vListInsertEnd)
    vPortEnterCritical                       0x08005091   Thumb Code    54  port.o(i.vPortEnterCritical)
    vPortExitCritical                        0x080050d1   Thumb Code    34  port.o(i.vPortExitCritical)
    vPortFree                                0x080050f9   Thumb Code    88  heap_4.o(i.vPortFree)
    vPortSetupTimerInterrupt                 0x08005155   Thumb Code    26  port.o(i.vPortSetupTimerInterrupt)
    vTaskDelay                               0x08005175   Thumb Code    66  tasks.o(i.vTaskDelay)
    vTaskMissedYield                         0x080051c1   Thumb Code     8  tasks.o(i.vTaskMissedYield)
    vTaskPlaceOnEventList                    0x080051cd   Thumb Code    44  tasks.o(i.vTaskPlaceOnEventList)
    vTaskPriorityInherit                     0x080051fd   Thumb Code   124  tasks.o(i.vTaskPriorityInherit)
    vTaskSetTimeOutState                     0x08005281   Thumb Code    30  tasks.o(i.vTaskSetTimeOutState)
    vTaskStartScheduler                      0x080052a5   Thumb Code    86  tasks.o(i.vTaskStartScheduler)
    vTaskSuspendAll                          0x0800530d   Thumb Code    10  tasks.o(i.vTaskSuspendAll)
    vTaskSwitchContext                       0x0800531d   Thumb Code    82  tasks.o(i.vTaskSwitchContext)
    xPortStartScheduler                      0x08005379   Thumb Code   102  port.o(i.xPortStartScheduler)
    xPortSysTickHandler                      0x080053ed   Thumb Code    38  port.o(i.xPortSysTickHandler)
    xQueueGenericCreate                      0x08005419   Thumb Code    72  queue.o(i.xQueueGenericCreate)
    xQueueGenericReceive                     0x08005461   Thumb Code   360  queue.o(i.xQueueGenericReceive)
    xQueueGenericReset                       0x080055cd   Thumb Code   132  queue.o(i.xQueueGenericReset)
    xQueueGenericSend                        0x08005655   Thumb Code   346  queue.o(i.xQueueGenericSend)
    xTaskCheckForTimeOut                     0x080057b5   Thumb Code   102  tasks.o(i.xTaskCheckForTimeOut)
    xTaskCreate                              0x08005821   Thumb Code    86  tasks.o(i.xTaskCreate)
    xTaskGetSchedulerState                   0x08005879   Thumb Code    22  tasks.o(i.xTaskGetSchedulerState)
    xTaskIncrementTick                       0x08005895   Thumb Code   192  tasks.o(i.xTaskIncrementTick)
    xTaskPriorityDisinherit                  0x0800595d   Thumb Code   144  tasks.o(i.xTaskPriorityDisinherit)
    xTaskRemoveFromEventList                 0x080059f5   Thumb Code   108  tasks.o(i.xTaskRemoveFromEventList)
    xTaskResumeAll                           0x08005a69   Thumb Code   182  tasks.o(i.xTaskResumeAll)
    AHBPrescTable                            0x08005b2c   Data          16  system_stm32f1xx.o(.constdata)
    APBPrescTable                            0x08005b3c   Data           8  system_stm32f1xx.o(.constdata)
    __ctype_table                            0x08005b6c   Data         129  ctype_o.o(.constdata)
    Region$$Table$$Base                      0x08005c54   Number         0  anon$$obj.o(Region$$Table)
    Region$$Table$$Limit                     0x08005c74   Number         0  anon$$obj.o(Region$$Table)
    SystemCoreClock                          0x20000000   Data           4  system_stm32f1xx.o(.data)
    alarm_hour                               0x20000008   Data           1  main.o(.data)
    alarm_minute                             0x20000009   Data           1  main.o(.data)
    readSMS                                  0x2000000a   Data           1  main.o(.data)
    count                                    0x2000000b   Data           1  main.o(.data)
    flag_SMS                                 0x2000000c   Data           1  main.o(.data)
    flag_GPRS                                0x2000000d   Data           1  main.o(.data)
    Rx_indx                                  0x2000000e   Data           1  main.o(.data)
    SendSMS                                  0x2000000f   Data           1  main.o(.data)
    Rx_data                                  0x20000010   Data           1  main.o(.data)
    ch                                       0x20000011   Data           1  main.o(.data)
    statusGps                                0x20000012   Data           3  main.o(.data)
    Nmea_Line1                               0x20000018   Data           4  main.o(.data)
    Nmea_Line2                               0x2000001c   Data           4  main.o(.data)
    token                                    0x20000020   Data           4  main.o(.data)
    val                                      0x20000024   Data           4  main.o(.data)
    myTask01Handle                           0x20000028   Data           4  main.o(.data)
    myTask02Handle                           0x2000002c   Data           4  main.o(.data)
    myBinarySem01Handle                      0x20000030   Data           4  main.o(.data)
    velocity                                 0x20000034   Data           4  main.o(.data)
    ADC_Value                                0x20000038   Data           8  main.o(.data)
    lat                                      0x20000040   Data           8  main.o(.data)
    lng                                      0x20000048   Data           8  main.o(.data)
    uwTick                                   0x20000050   Data           4  stm32f1xx_hal.o(.data)
    pxCurrentTCB                             0x20000078   Data           4  tasks.o(.data)
    __stdout                                 0x200000b8   Data           4  stdout.o(.data)
    Rx_temp1                                 0x200000c0   Data         400  main.o(.bss)
    SIM_Message                              0x20000250   Data         400  main.o(.bss)
    SIM_Latlng                               0x200003e0   Data          50  main.o(.bss)
    hadc1                                    0x20000414   Data          48  main.o(.bss)
    hi2c1                                    0x20000444   Data          84  main.o(.bss)
    huart1                                   0x20000498   Data          64  main.o(.bss)
    huart2                                   0x200004d8   Data          64  main.o(.bss)
    huart3                                   0x20000518   Data          64  main.o(.bss)
    nmeaMessage                              0x20000558   Data         159  main.o(.bss)
    dataGps                                  0x200005f7   Data         109  main.o(.bss)
    pms7003                                  0x20000664   Data          80  main.o(.bss)
    ds3231                                   0x200006b4   Data          21  main.o(.bss)
    dataGPRS                                 0x200006c9   Data         500  main.o(.bss)
    hdma_adc1                                0x200008c0   Data          68  main.o(.bss)
    hdma_i2c1_rx                             0x20000904   Data          68  main.o(.bss)
    __initial_sp                             0x20001a38   Data           0  startup_stm32f103xb.o(STACK)



==============================================================================

Memory Map of the image

  Image Entry point : 0x080000ed

  Load Region LR_IROM1 (Base: 0x08000000, Size: 0x00005d34, Max: 0x00010000, ABSOLUTE)

    Execution Region ER_IROM1 (Base: 0x08000000, Size: 0x00005c74, Max: 0x00010000, ABSOLUTE)

    Base Addr    Size         Type   Attr      Idx    E Section Name        Object

    0x08000000   0x000000ec   Data   RO         3706    RESET               startup_stm32f103xb.o
    0x080000ec   0x00000000   Code   RO         3715  * .ARM.Collect$$$$00000000  mc_w.l(entry.o)
    0x080000ec   0x00000004   Code   RO         3999    .ARM.Collect$$$$00000001  mc_w.l(entry2.o)
    0x080000f0   0x00000004   Code   RO         4002    .ARM.Collect$$$$00000004  mc_w.l(entry5.o)
    0x080000f4   0x00000000   Code   RO         4004    .ARM.Collect$$$$00000008  mc_w.l(entry7b.o)
    0x080000f4   0x00000000   Code   RO         4006    .ARM.Collect$$$$0000000A  mc_w.l(entry8b.o)
    0x080000f4   0x00000008   Code   RO         4007    .ARM.Collect$$$$0000000B  mc_w.l(entry9a.o)
    0x080000fc   0x00000000   Code   RO         4009    .ARM.Collect$$$$0000000D  mc_w.l(entry10a.o)
    0x080000fc   0x00000000   Code   RO         4011    .ARM.Collect$$$$0000000F  mc_w.l(entry11a.o)
    0x080000fc   0x00000004   Code   RO         4000    .ARM.Collect$$$$00002712  mc_w.l(entry2.o)
    0x08000100   0x00000096   Code   RO         2629    .emb_text           port.o
    0x08000196   0x00000002   PAD
    0x08000198   0x00000024   Code   RO         3707    .text               startup_stm32f103xb.o
    0x080001bc   0x00000020   Code   RO         3718    .text               mc_w.l(llushr.o)
    0x080001dc   0x00000024   Code   RO         3720    .text               mc_w.l(memcpya.o)
    0x08000200   0x00000024   Code   RO         3722    .text               mc_w.l(strstr.o)
    0x08000224   0x0000000e   Code   RO         3724    .text               mc_w.l(strlen.o)
    0x08000232   0x00000002   PAD
    0x08000234   0x00000044   Code   RO         3726    .text               mc_w.l(strtok.o)
    0x08000278   0x0000001a   Code   RO         3995    .text               mc_w.l(atoi.o)
    0x08000292   0x00000038   Code   RO         3997    .text               mf_w.l(d2f.o)
    0x080002ca   0x0000002c   Code   RO         4014    .text               mc_w.l(uidiv.o)
    0x080002f6   0x00000002   PAD
    0x080002f8   0x0000009c   Code   RO         4025    .text               mc_w.l(strtod.o)
    0x08000394   0x00000070   Code   RO         4027    .text               mc_w.l(strtol.o)
    0x08000404   0x00000000   Code   RO         4029    .text               mc_w.l(iusefp.o)
    0x08000404   0x0000006e   Code   RO         4030    .text               mf_w.l(fepilogue.o)
    0x08000472   0x000000e4   Code   RO         4034    .text               mf_w.l(dmul.o)
    0x08000556   0x000000de   Code   RO         4036    .text               mf_w.l(ddiv.o)
    0x08000634   0x00000024   Code   RO         4042    .text               mc_w.l(init.o)
    0x08000658   0x0000001e   Code   RO         4044    .text               mc_w.l(llshl.o)
    0x08000676   0x00000002   PAD
    0x08000678   0x00000008   Code   RO         4050    .text               mc_w.l(ctype_o.o)
    0x08000680   0x00000012   Code   RO         4072    .text               mc_w.l(isspace_o.o)
    0x08000692   0x00000002   PAD
    0x08000694   0x00000338   Code   RO         4078    .text               mc_w.l(scanf_fp.o)
    0x080009cc   0x00000040   Code   RO         4082    .text               mc_w.l(_sgetc.o)
    0x08000a0c   0x0000009e   Code   RO         4084    .text               mc_w.l(_strtoul.o)
    0x08000aaa   0x000000ba   Code   RO         4086    .text               mf_w.l(depilogue.o)
    0x08000b64   0x0000001c   Code   RO         4091    .text               mc_w.l(_chval.o)
    0x08000b80   0x00000018   Code   RO         4093    .text               mf_w.l(dfltul.o)
    0x08000b98   0x0000000c   Code   RO          527    i.ADC1_2_IRQHandler  stm32f1xx_it.o
    0x08000ba4   0x0000004c   Code   RO         2215    i.ADC_ConversionStop_Disable  stm32f1xx_hal_adc.o
    0x08000bf0   0x0000004e   Code   RO         2216    i.ADC_DMAConvCplt   stm32f1xx_hal_adc.o
    0x08000c3e   0x0000001a   Code   RO         2217    i.ADC_DMAError      stm32f1xx_hal_adc.o
    0x08000c58   0x0000000a   Code   RO         2218    i.ADC_DMAHalfConvCplt  stm32f1xx_hal_adc.o
    0x08000c62   0x00000002   PAD
    0x08000c64   0x00000070   Code   RO         2219    i.ADC_Enable        stm32f1xx_hal_adc.o
    0x08000cd4   0x00000012   Code   RO          125    i.BCD2DEC           main.o
    0x08000ce6   0x00000002   Code   RO          528    i.BusFault_Handler  stm32f1xx_it.o
    0x08000ce8   0x0000000c   Code   RO          529    i.DMA1_Channel1_IRQHandler  stm32f1xx_it.o
    0x08000cf4   0x0000000c   Code   RO          530    i.DMA1_Channel7_IRQHandler  stm32f1xx_it.o
    0x08000d00   0x0000002a   Code   RO         1447    i.DMA_SetConfig     stm32f1xx_hal_dma.o
    0x08000d2a   0x00000002   Code   RO          531    i.DebugMon_Handler  stm32f1xx_it.o
    0x08000d2c   0x00000150   Code   RO          130    i.GPS_DeviceInfo    main.o
    0x08000e7c   0x00000002   Code   RO         2397    i.HAL_ADCEx_InjectedConvCpltCallback  stm32f1xx_hal_adc_ex.o
    0x08000e7e   0x00000002   PAD
    0x08000e80   0x000000fc   Code   RO         2221    i.HAL_ADC_ConfigChannel  stm32f1xx_hal_adc.o
    0x08000f7c   0x00000002   Code   RO         2222    i.HAL_ADC_ConvCpltCallback  stm32f1xx_hal_adc.o
    0x08000f7e   0x00000002   Code   RO         2223    i.HAL_ADC_ConvHalfCpltCallback  stm32f1xx_hal_adc.o
    0x08000f80   0x00000002   Code   RO         2225    i.HAL_ADC_ErrorCallback  stm32f1xx_hal_adc.o
    0x08000f82   0x000000e6   Code   RO         2229    i.HAL_ADC_IRQHandler  stm32f1xx_hal_adc.o
    0x08001068   0x0000011c   Code   RO         2230    i.HAL_ADC_Init      stm32f1xx_hal_adc.o
    0x08001184   0x00000002   Code   RO         2231    i.HAL_ADC_LevelOutOfWindowCallback  stm32f1xx_hal_adc.o
    0x08001186   0x00000002   PAD
    0x08001188   0x000000a8   Code   RO          451    i.HAL_ADC_MspInit   stm32f1xx_hal_msp.o
    0x08001230   0x0000010c   Code   RO         2237    i.HAL_ADC_Start_DMA  stm32f1xx_hal_adc.o
    0x0800133c   0x00000098   Code   RO         1449    i.HAL_DMA_Abort_IT  stm32f1xx_hal_dma.o
    0x080013d4   0x00000154   Code   RO         1453    i.HAL_DMA_IRQHandler  stm32f1xx_hal_dma.o
    0x08001528   0x00000064   Code   RO         1454    i.HAL_DMA_Init      stm32f1xx_hal_dma.o
    0x0800158c   0x00000070   Code   RO         1458    i.HAL_DMA_Start_IT  stm32f1xx_hal_dma.o
    0x080015fc   0x0000001c   Code   RO         2498    i.HAL_Delay         stm32f1xx_hal.o
    0x08001618   0x000001bc   Code   RO         2152    i.HAL_GPIO_Init     stm32f1xx_hal_gpio.o
    0x080017d4   0x0000000a   Code   RO         2156    i.HAL_GPIO_WritePin  stm32f1xx_hal_gpio.o
    0x080017de   0x00000002   PAD
    0x080017e0   0x0000000c   Code   RO         2502    i.HAL_GetTick       stm32f1xx_hal.o
    0x080017ec   0x00000002   Code   RO          811    i.HAL_I2C_AbortCpltCallback  stm32f1xx_hal_i2c.o
    0x080017ee   0x00000002   Code   RO          812    i.HAL_I2C_AddrCallback  stm32f1xx_hal_i2c.o
    0x080017f0   0x000000d0   Code   RO          815    i.HAL_I2C_ER_IRQHandler  stm32f1xx_hal_i2c.o
    0x080018c0   0x000001f0   Code   RO          816    i.HAL_I2C_EV_IRQHandler  stm32f1xx_hal_i2c.o
    0x08001ab0   0x00000002   Code   RO          818    i.HAL_I2C_ErrorCallback  stm32f1xx_hal_i2c.o
    0x08001ab2   0x00000002   PAD
    0x08001ab4   0x00000108   Code   RO          822    i.HAL_I2C_Init      stm32f1xx_hal_i2c.o
    0x08001bbc   0x00000002   Code   RO          824    i.HAL_I2C_ListenCpltCallback  stm32f1xx_hal_i2c.o
    0x08001bbe   0x00000002   Code   RO          825    i.HAL_I2C_MasterRxCpltCallback  stm32f1xx_hal_i2c.o
    0x08001bc0   0x00000002   Code   RO          826    i.HAL_I2C_MasterTxCpltCallback  stm32f1xx_hal_i2c.o
    0x08001bc2   0x00000002   PAD
    0x08001bc4   0x00000050   Code   RO          132    i.HAL_I2C_MemRxCpltCallback  main.o
    0x08001c14   0x00000002   Code   RO          837    i.HAL_I2C_MemTxCpltCallback  stm32f1xx_hal_i2c.o
    0x08001c16   0x00000002   PAD
    0x08001c18   0x0000016c   Code   RO          839    i.HAL_I2C_Mem_Read_DMA  stm32f1xx_hal_i2c.o
    0x08001d84   0x000000b8   Code   RO          453    i.HAL_I2C_MspInit   stm32f1xx_hal_msp.o
    0x08001e3c   0x00000002   Code   RO          846    i.HAL_I2C_SlaveRxCpltCallback  stm32f1xx_hal_i2c.o
    0x08001e3e   0x00000002   Code   RO          847    i.HAL_I2C_SlaveTxCpltCallback  stm32f1xx_hal_i2c.o
    0x08001e40   0x00000010   Code   RO         2504    i.HAL_IncTick       stm32f1xx_hal.o
    0x08001e50   0x00000024   Code   RO         2505    i.HAL_Init          stm32f1xx_hal.o
    0x08001e74   0x00000028   Code   RO         2506    i.HAL_InitTick      stm32f1xx_hal.o
    0x08001e9c   0x00000084   Code   RO          454    i.HAL_MspInit       stm32f1xx_hal_msp.o
    0x08001f20   0x00000016   Code   RO         1211    i.HAL_NVIC_EnableIRQ  stm32f1xx_hal_cortex.o
    0x08001f36   0x00000002   PAD
    0x08001f38   0x00000040   Code   RO         1217    i.HAL_NVIC_SetPriority  stm32f1xx_hal_cortex.o
    0x08001f78   0x00000024   Code   RO         1218    i.HAL_NVIC_SetPriorityGrouping  stm32f1xx_hal_cortex.o
    0x08001f9c   0x000000ec   Code   RO         1328    i.HAL_RCCEx_PeriphCLKConfig  stm32f1xx_hal_rcc_ex.o
    0x08002088   0x00000154   Code   RO         2048    i.HAL_RCC_ClockConfig  stm32f1xx_hal_rcc.o
    0x080021dc   0x0000000c   Code   RO         2053    i.HAL_RCC_GetHCLKFreq  stm32f1xx_hal_rcc.o
    0x080021e8   0x00000020   Code   RO         2055    i.HAL_RCC_GetPCLK1Freq  stm32f1xx_hal_rcc.o
    0x08002208   0x00000020   Code   RO         2056    i.HAL_RCC_GetPCLK2Freq  stm32f1xx_hal_rcc.o
    0x08002228   0x0000006c   Code   RO         2057    i.HAL_RCC_GetSysClockFreq  stm32f1xx_hal_rcc.o
    0x08002294   0x00000304   Code   RO         2060    i.HAL_RCC_OscConfig  stm32f1xx_hal_rcc.o
    0x08002598   0x00000018   Code   RO         1220    i.HAL_SYSTICK_CLKSourceConfig  stm32f1xx_hal_cortex.o
    0x080025b0   0x00000028   Code   RO         1222    i.HAL_SYSTICK_Config  stm32f1xx_hal_cortex.o
    0x080025d8   0x00000002   Code   RO         1742    i.HAL_UART_ErrorCallback  stm32f1xx_hal_uart.o
    0x080025da   0x00000002   PAD
    0x080025dc   0x00000110   Code   RO         1745    i.HAL_UART_IRQHandler  stm32f1xx_hal_uart.o
    0x080026ec   0x00000062   Code   RO         1746    i.HAL_UART_Init     stm32f1xx_hal_uart.o
    0x0800274e   0x00000002   PAD
    0x08002750   0x000000fc   Code   RO          456    i.HAL_UART_MspInit  stm32f1xx_hal_msp.o
    0x0800284c   0x00000052   Code   RO         1751    i.HAL_UART_Receive_IT  stm32f1xx_hal_uart.o
    0x0800289e   0x00000002   PAD
    0x080028a0   0x00000130   Code   RO          133    i.HAL_UART_RxCpltCallback  main.o
    0x080029d0   0x000000ba   Code   RO         1754    i.HAL_UART_Transmit  stm32f1xx_hal_uart.o
    0x08002a8a   0x00000002   Code   RO         1757    i.HAL_UART_TxCpltCallback  stm32f1xx_hal_uart.o
    0x08002a8c   0x00000002   Code   RO          532    i.HardFault_Handler  stm32f1xx_it.o
    0x08002a8e   0x00000002   PAD
    0x08002a90   0x0000000c   Code   RO          533    i.I2C1_ER_IRQHandler  stm32f1xx_it.o
    0x08002a9c   0x0000000c   Code   RO          534    i.I2C1_EV_IRQHandler  stm32f1xx_it.o
    0x08002aa8   0x0000004e   Code   RO          856    i.I2C_DMAAbort      stm32f1xx_hal_i2c.o
    0x08002af6   0x0000002a   Code   RO          857    i.I2C_DMAError      stm32f1xx_hal_i2c.o
    0x08002b20   0x00000086   Code   RO          858    i.I2C_DMAXferCplt   stm32f1xx_hal_i2c.o
    0x08002ba6   0x00000002   PAD
    0x08002ba8   0x00000124   Code   RO          859    i.I2C_ITError       stm32f1xx_hal_i2c.o
    0x08002ccc   0x00000028   Code   RO          860    i.I2C_IsAcknowledgeFailed  stm32f1xx_hal_i2c.o
    0x08002cf4   0x000000c8   Code   RO          861    i.I2C_MasterReceive_BTF  stm32f1xx_hal_i2c.o
    0x08002dbc   0x000000ae   Code   RO          862    i.I2C_MasterReceive_RXNE  stm32f1xx_hal_i2c.o
    0x08002e6a   0x00000080   Code   RO          865    i.I2C_MasterTransmit_BTF  stm32f1xx_hal_i2c.o
    0x08002eea   0x00000002   PAD
    0x08002eec   0x00000108   Code   RO          866    i.I2C_MasterTransmit_TXE  stm32f1xx_hal_i2c.o
    0x08002ff4   0x0000011a   Code   RO          867    i.I2C_Master_ADDR   stm32f1xx_hal_i2c.o
    0x0800310e   0x0000005a   Code   RO          868    i.I2C_Master_SB     stm32f1xx_hal_i2c.o
    0x08003168   0x000000f0   Code   RO          869    i.I2C_RequestMemoryRead  stm32f1xx_hal_i2c.o
    0x08003258   0x00000084   Code   RO          871    i.I2C_Slave_AF      stm32f1xx_hal_i2c.o
    0x080032dc   0x000000dc   Code   RO          872    i.I2C_Slave_STOPF   stm32f1xx_hal_i2c.o
    0x080033b8   0x00000060   Code   RO          874    i.I2C_WaitOnFlagUntilTimeout  stm32f1xx_hal_i2c.o
    0x08003418   0x00000088   Code   RO          875    i.I2C_WaitOnMasterAddressFlagUntilTimeout  stm32f1xx_hal_i2c.o
    0x080034a0   0x0000004e   Code   RO          877    i.I2C_WaitOnTXEFlagUntilTimeout  stm32f1xx_hal_i2c.o
    0x080034ee   0x00000002   PAD
    0x080034f0   0x00000080   Code   RO          134    i.MX_ADC1_Init      main.o
    0x08003570   0x000000b4   Code   RO          135    i.MX_GPIO_Init      main.o
    0x08003624   0x00000038   Code   RO          136    i.MX_I2C1_Init      main.o
    0x0800365c   0x00000002   Code   RO          535    i.MemManage_Handler  stm32f1xx_it.o
    0x0800365e   0x00000002   Code   RO          536    i.NMI_Handler       stm32f1xx_it.o
    0x08003660   0x00000020   Code   RO         1224    i.NVIC_SetPriority  stm32f1xx_hal_cortex.o
    0x08003680   0x00000014   Code   RO          137    i.PMS7003_ReceiveStart  main.o
    0x08003694   0x0000009c   Code   RO          641    i.PMS7003_ReceiveUART  pms7003.o
    0x08003730   0x00000020   Code   RO          138    i.SIM_DeleteArray   main.o
    0x08003750   0x00000020   Code   RO          139    i.SIM_DeleteArray1  main.o
    0x08003770   0x00000028   Code   RO          140    i.SIM_DeleteSMS_Array  main.o
    0x08003798   0x000000ac   Code   RO          141    i.SIM_GetSMS        main.o
    0x08003844   0x0000001c   Code   RO          142    i.SIM_Send          main.o
    0x08003860   0x0000005c   Code   RO          143    i.SIM_Send_Int      main.o
    0x080038bc   0x0000013c   Code   RO          144    i.SIM_begin         main.o
    0x080039f8   0x0000009c   Code   RO          146    i.SIM_connectGPRS   main.o
    0x08003a94   0x00000054   Code   RO          148    i.SIM_disconnectGPRS  main.o
    0x08003ae8   0x00000178   Code   RO          149    i.SIM_getContent1   main.o
    0x08003c60   0x00000024   Code   RO          152    i.SIM_replyCommand  main.o
    0x08003c84   0x00000024   Code   RO          153    i.SIM_replyCommand1  main.o
    0x08003ca8   0x00000014   Code   RO          155    i.SIM_sendCommand   main.o
    0x08003cbc   0x0000006c   Code   RO          156    i.SIM_sendSMS       main.o
    0x08003d28   0x0000006c   Code   RO          157    i.SIM_smsFormat     main.o
    0x08003d94   0x0000001e   Code   RO          159    i.Search_Char       main.o
    0x08003db2   0x00000002   PAD
    0x08003db4   0x000002d0   Code   RO          160    i.StartTask01       main.o
    0x08004084   0x000001b8   Code   RO          161    i.StartTask02       main.o
    0x0800423c   0x0000000e   Code   RO          537    i.SysTick_Handler   stm32f1xx_it.o
    0x0800424a   0x0000007a   Code   RO          162    i.SystemClock_Config  main.o
    0x080042c4   0x00000048   Code   RO            5    i.SystemInit        system_stm32f1xx.o
    0x0800430c   0x00000010   Code   RO         1759    i.UART_DMAAbortOnError  stm32f1xx_hal_uart.o
    0x0800431c   0x0000001c   Code   RO         1769    i.UART_EndRxTransfer  stm32f1xx_hal_uart.o
    0x08004338   0x00000096   Code   RO         1771    i.UART_Receive_IT   stm32f1xx_hal_uart.o
    0x080043ce   0x00000002   PAD
    0x080043d0   0x00000170   Code   RO         1772    i.UART_SetConfig    stm32f1xx_hal_uart.o
    0x08004540   0x00000062   Code   RO         1773    i.UART_Transmit_IT  stm32f1xx_hal_uart.o
    0x080045a2   0x00000064   Code   RO         1774    i.UART_WaitOnFlagUntilTimeout  stm32f1xx_hal_uart.o
    0x08004606   0x00000002   PAD
    0x08004608   0x0000000c   Code   RO          538    i.USART1_IRQHandler  stm32f1xx_it.o
    0x08004614   0x0000000c   Code   RO          539    i.USART2_IRQHandler  stm32f1xx_it.o
    0x08004620   0x0000000c   Code   RO          540    i.USART3_IRQHandler  stm32f1xx_it.o
    0x0800462c   0x00000002   Code   RO          541    i.UsageFault_Handler  stm32f1xx_it.o
    0x0800462e   0x00000002   Code   RO          163    i._Error_Handler    main.o
    0x08004630   0x00000020   Code   RO         3823    i.__0printf$3       mc_w.l(printf3.o)
    0x08004650   0x00000028   Code   RO         3825    i.__0sprintf$3      mc_w.l(printf3.o)
    0x08004678   0x00000008   Code   RO         4018    i.__aeabi_errno_addr  mc_w.l(errno.o)
    0x08004680   0x0000000c   Code   RO         4019    i.__read_errno      mc_w.l(errno.o)
    0x0800468c   0x0000000e   Code   RO         4097    i.__scatterload_copy  mc_w.l(handlers.o)
    0x0800469a   0x00000002   Code   RO         4098    i.__scatterload_null  mc_w.l(handlers.o)
    0x0800469c   0x0000000e   Code   RO         4099    i.__scatterload_zeroinit  mc_w.l(handlers.o)
    0x080046aa   0x00000002   PAD
    0x080046ac   0x0000000c   Code   RO         4020    i.__set_errno       mc_w.l(errno.o)
    0x080046b8   0x0000000e   Code   RO         4080    i._is_digit         mc_w.l(scanf_fp.o)
    0x080046c6   0x00000002   PAD
    0x080046c8   0x000001b8   Code   RO         3830    i._printf_core      mc_w.l(printf3.o)
    0x08004880   0x0000000a   Code   RO         3832    i._sputc            mc_w.l(printf3.o)
    0x0800488a   0x0000002a   Code   RO         3712    i.atof              m_ws.l(atof.o)
    0x080048b4   0x00000018   Code   RO          164    i.fputc             main.o
    0x080048cc   0x0000000e   Code   RO          165    i.indexOf           main.o
    0x080048da   0x00000002   PAD
    0x080048dc   0x00000134   Code   RO          166    i.main              main.o
    0x08004a10   0x0000000c   Code   RO         2725    i.makeFreeRtosPriority  cmsis_os.o
    0x08004a1c   0x0000000e   Code   RO         2727    i.osDelay           cmsis_os.o
    0x08004a2a   0x0000000a   Code   RO         2730    i.osKernelStart     cmsis_os.o
    0x08004a34   0x00000026   Code   RO         2756    i.osSemaphoreCreate  cmsis_os.o
    0x08004a5a   0x00000014   Code   RO         2763    i.osSystickHandler  cmsis_os.o
    0x08004a6e   0x0000002e   Code   RO         2764    i.osThreadCreate    cmsis_os.o
    0x08004a9c   0x00000070   Code   RO         3425    i.prvAddCurrentTaskToDelayedList  tasks.o
    0x08004b0c   0x000000d0   Code   RO         3426    i.prvAddNewTaskToReadyList  tasks.o
    0x08004bdc   0x00000050   Code   RO         3427    i.prvCheckTasksWaitingTermination  tasks.o
    0x08004c2c   0x00000026   Code   RO         3285    i.prvCopyDataFromQueue  queue.o
    0x08004c52   0x0000006c   Code   RO         3286    i.prvCopyDataToQueue  queue.o
    0x08004cbe   0x00000014   Code   RO         3428    i.prvDeleteTCB      tasks.o
    0x08004cd2   0x00000002   PAD
    0x08004cd4   0x0000004c   Code   RO         3223    i.prvHeapInit       heap_4.o
    0x08004d20   0x00000028   Code   RO         3429    i.prvIdleTask       tasks.o
    0x08004d48   0x0000008e   Code   RO         3430    i.prvInitialiseNewTask  tasks.o
    0x08004dd6   0x00000002   PAD
    0x08004dd8   0x0000004c   Code   RO         3224    i.prvInsertBlockIntoFreeList  heap_4.o
    0x08004e24   0x0000001c   Code   RO         3287    i.prvIsQueueEmpty   queue.o
    0x08004e40   0x00000020   Code   RO         3431    i.prvResetNextTaskUnblockTime  tasks.o
    0x08004e60   0x00000028   Code   RO         2630    i.prvTaskExitError  port.o
    0x08004e88   0x0000006a   Code   RO         3288    i.prvUnlockQueue    queue.o
    0x08004ef2   0x00000002   PAD
    0x08004ef4   0x000000d8   Code   RO         3225    i.pvPortMalloc      heap_4.o
    0x08004fcc   0x00000018   Code   RO         3433    i.pvTaskIncrementMutexHeldCount  tasks.o
    0x08004fe4   0x00000024   Code   RO         2631    i.pxPortInitialiseStack  port.o
    0x08005008   0x00000024   Code   RO         3107    i.uxListRemove      list.o
    0x0800502c   0x00000016   Code   RO         3108    i.vListInitialise   list.o
    0x08005042   0x00000006   Code   RO         3109    i.vListInitialiseItem  list.o
    0x08005048   0x00000030   Code   RO         3110    i.vListInsert       list.o
    0x08005078   0x00000018   Code   RO         3111    i.vListInsertEnd    list.o
    0x08005090   0x00000040   Code   RO         2633    i.vPortEnterCritical  port.o
    0x080050d0   0x00000028   Code   RO         2634    i.vPortExitCritical  port.o
    0x080050f8   0x0000005c   Code   RO         3226    i.vPortFree         heap_4.o
    0x08005154   0x00000020   Code   RO         2635    i.vPortSetupTimerInterrupt  port.o
    0x08005174   0x0000004c   Code   RO         3439    i.vTaskDelay        tasks.o
    0x080051c0   0x0000000c   Code   RO         3442    i.vTaskMissedYield  tasks.o
    0x080051cc   0x00000030   Code   RO         3444    i.vTaskPlaceOnEventList  tasks.o
    0x080051fc   0x00000084   Code   RO         3446    i.vTaskPriorityInherit  tasks.o
    0x08005280   0x00000024   Code   RO         3449    i.vTaskSetTimeOutState  tasks.o
    0x080052a4   0x00000068   Code   RO         3450    i.vTaskStartScheduler  tasks.o
    0x0800530c   0x00000010   Code   RO         3452    i.vTaskSuspendAll   tasks.o
    0x0800531c   0x0000005c   Code   RO         3453    i.vTaskSwitchContext  tasks.o
    0x08005378   0x00000074   Code   RO         2637    i.xPortStartScheduler  port.o
    0x080053ec   0x0000002c   Code   RO         2638    i.xPortSysTickHandler  port.o
    0x08005418   0x00000048   Code   RO         3296    i.xQueueGenericCreate  queue.o
    0x08005460   0x0000016c   Code   RO         3297    i.xQueueGenericReceive  queue.o
    0x080055cc   0x00000088   Code   RO         3298    i.xQueueGenericReset  queue.o
    0x08005654   0x00000160   Code   RO         3299    i.xQueueGenericSend  queue.o
    0x080057b4   0x0000006c   Code   RO         3454    i.xTaskCheckForTimeOut  tasks.o
    0x08005820   0x00000056   Code   RO         3455    i.xTaskCreate       tasks.o
    0x08005876   0x00000002   PAD
    0x08005878   0x0000001c   Code   RO         3459    i.xTaskGetSchedulerState  tasks.o
    0x08005894   0x000000c8   Code   RO         3462    i.xTaskIncrementTick  tasks.o
    0x0800595c   0x00000098   Code   RO         3465    i.xTaskPriorityDisinherit  tasks.o
    0x080059f4   0x00000074   Code   RO         3466    i.xTaskRemoveFromEventList  tasks.o
    0x08005a68   0x000000c4   Code   RO         3468    i.xTaskResumeAll    tasks.o
    0x08005b2c   0x00000010   Data   RO            6    .constdata          system_stm32f1xx.o
    0x08005b3c   0x00000008   Data   RO            7    .constdata          system_stm32f1xx.o
    0x08005b44   0x00000028   Data   RO          170    .constdata          main.o
    0x08005b6c   0x00000081   Data   RO         4051    .constdata          mc_w.l(ctype_o.o)
    0x08005bed   0x00000003   PAD
    0x08005bf0   0x00000004   Data   RO         4052    .constdata          mc_w.l(ctype_o.o)
    0x08005bf4   0x00000060   Data   RO          172    .conststring        main.o
    0x08005c54   0x00000020   Data   RO         4095    Region$$Table       anon$$obj.o


    Execution Region RW_IRAM1 (Base: 0x20000000, Size: 0x00001a38, Max: 0x00005000, ABSOLUTE)

    Base Addr    Size         Type   Attr      Idx    E Section Name        Object

    0x20000000   0x00000004   Data   RW            8    .data               system_stm32f1xx.o
    0x20000004   0x00000004   PAD
    0x20000008   0x00000048   Data   RW          174    .data               main.o
    0x20000050   0x00000004   Data   RW         2511    .data               stm32f1xx_hal.o
    0x20000054   0x0000000c   Data   RW         2639    .data               port.o
    0x20000060   0x00000018   Data   RW         3231    .data               heap_4.o
    0x20000078   0x0000003c   Data   RW         3471    .data               tasks.o
    0x200000b4   0x00000004   Data   RW         3727    .data               mc_w.l(strtok.o)
    0x200000b8   0x00000004   Data   RW         4013    .data               mc_w.l(stdout.o)
    0x200000bc   0x00000004   Data   RW         4021    .data               mc_w.l(errno.o)
    0x200000c0   0x000007fd   Zero   RW          167    .bss                main.o
    0x200008bd   0x00000003   PAD
    0x200008c0   0x00000044   Zero   RW          168    .bss                main.o
    0x20000904   0x00000044   Zero   RW          169    .bss                main.o
    0x20000948   0x00000c00   Zero   RW         3230    .bss                heap_4.o
    0x20001548   0x000000f0   Zero   RW         3470    .bss                tasks.o
    0x20001638   0x00000400   Zero   RW         3704    STACK               startup_stm32f103xb.o


==============================================================================

Image component sizes


      Code (inc. data)   RO Data    RW Data    ZI Data      Debug   Object Name

       140          0          0          0          0      14080   cmsis_os.o
         0          0          0          0          0       8148   event_groups.o
       460         24          0         24       3072       7367   heap_4.o
       136          0          0          0          0       3494   list.o
      4418        872        136         72       2181      44388   main.o
       156          0          0          0          0       1970   pms7003.o
       522         62          0         12          0      10388   port.o
      1204         14          0          0          0      10626   queue.o
        36          8        236          0       1024        788   startup_stm32f103xb.o
       132         22          0          4          0       3779   stm32f1xx_hal.o
      1344         54          0          0          0      10026   stm32f1xx_hal_adc.o
         2          0          0          0          0       1093   stm32f1xx_hal_adc_ex.o
       218         14          0          0          0      26473   stm32f1xx_hal_cortex.o
       746         36          0          0          0       4430   stm32f1xx_hal_dma.o
       454         36          0          0          0       2928   stm32f1xx_hal_gpio.o
      3976         68          0          0          0      26280   stm32f1xx_hal_i2c.o
       736        136          0          0          0       3246   stm32f1xx_hal_msp.o
      1296        104          0          0          0       5740   stm32f1xx_hal_rcc.o
       236         12          0          0          0       1424   stm32f1xx_hal_rcc_ex.o
      1402         10          0          0          0       9535   stm32f1xx_hal_uart.o
       122         48          0          0          0       6691   stm32f1xx_it.o
        72         16         24          4          0     434075   system_stm32f1xx.o
      2060        172          0         60        240      22069   tasks.o
         0          0          0          0          0       1472   timers.o

    ----------------------------------------------------------------------
     19916       1708        428        180       6520     660510   Object Totals
         0          0         32          0          0          0   (incl. Generated)
        48          0          0          4          3          0   (incl. Padding)

    ----------------------------------------------------------------------

      Code (inc. data)   RO Data    RW Data    ZI Data      Debug   Library Member Name

        42          0          0          0          0         84   atof.o
        28          0          0          0          0         68   _chval.o
        64          0          0          0          0         84   _sgetc.o
       158          0          0          0          0         92   _strtoul.o
        26          0          0          0          0         80   atoi.o
         8          4        133          0          0         68   ctype_o.o
         0          0          0          0          0          0   entry.o
         0          0          0          0          0          0   entry10a.o
         0          0          0          0          0          0   entry11a.o
         8          4          0          0          0          0   entry2.o
         4          0          0          0          0          0   entry5.o
         0          0          0          0          0          0   entry7b.o
         0          0          0          0          0          0   entry8b.o
         8          4          0          0          0          0   entry9a.o
        32         16          0          4          0        204   errno.o
        30          0          0          0          0          0   handlers.o
        36          8          0          0          0         68   init.o
        18          0          0          0          0         76   isspace_o.o
         0          0          0          0          0          0   iusefp.o
        30          0          0          0          0         68   llshl.o
        32          0          0          0          0         68   llushr.o
        36          0          0          0          0         68   memcpya.o
       522         20          0          0          0        336   printf3.o
       838         12          0          0          0        216   scanf_fp.o
         0          0          0          4          0          0   stdout.o
        14          0          0          0          0         68   strlen.o
        36          0          0          0          0         80   strstr.o
       156         14          0          0          0        120   strtod.o
        68          6          0          4          0         80   strtok.o
       112          0          0          0          0         88   strtol.o
        44          0          0          0          0         80   uidiv.o
        56          0          0          0          0         88   d2f.o
       222          0          0          0          0        100   ddiv.o
       186          0          0          0          0        176   depilogue.o
        24          0          0          0          0         76   dfltul.o
       228          0          0          0          0         96   dmul.o
       110          0          0          0          0        168   fepilogue.o

    ----------------------------------------------------------------------
      3188         88        136         12          0       2800   Library Totals
        12          0          3          0          0          0   (incl. Padding)

    ----------------------------------------------------------------------

      Code (inc. data)   RO Data    RW Data    ZI Data      Debug   Library Name

        42          0          0          0          0         84   m_ws.l
      2308         88        133         12          0       2012   mc_w.l
       826          0          0          0          0        704   mf_w.l

    ----------------------------------------------------------------------
      3188         88        136         12          0       2800   Library Totals

    ----------------------------------------------------------------------

==============================================================================


      Code (inc. data)   RO Data    RW Data    ZI Data      Debug   

     23104       1796        564        192       6520     652386   Grand Totals
     23104       1796        564        192       6520     652386   ELF Image Totals
     23104       1796        564        192          0          0   ROM Totals

==============================================================================

    Total RO  Size (Code + RO Data)                23668 (  23.11kB)
    Total RW  Size (RW Data + ZI Data)              6712 (   6.55kB)
    Total ROM Size (Code + RO Data + RW Data)      23860 (  23.30kB)

==============================================================================

